Component: ARM Compiler 5.06 update 7 (build 960) Tool: armlink [4d3601]

==============================================================================

Section Cross References

    system_stm32f4xx.o(i.SystemCoreClockUpdate) refers to system_stm32f4xx.o(.data) for .data
    system_stm32f4xx.o(i.SystemCoreClockUpdate) refers to system_stm32f4xx.o(.constdata) for .constdata
    startup_stm32f446xx.o(RESET) refers to startup_stm32f446xx.o(STACK) for __initial_sp
    startup_stm32f446xx.o(RESET) refers to startup_stm32f446xx.o(.text) for Reset_Handler
    startup_stm32f446xx.o(RESET) refers to stm32f4xx_it.o(i.NMI_Handler) for NMI_Handler
    startup_stm32f446xx.o(RESET) refers to stm32f4xx_it.o(i.HardFault_Handler) for HardFault_Handler
    startup_stm32f446xx.o(RESET) refers to stm32f4xx_it.o(i.MemManage_Handler) for MemManage_Handler
    startup_stm32f446xx.o(RESET) refers to stm32f4xx_it.o(i.BusFault_Handler) for BusFault_Handler
    startup_stm32f446xx.o(RESET) refers to stm32f4xx_it.o(i.UsageFault_Handler) for UsageFault_Handler
    startup_stm32f446xx.o(RESET) refers to stm32f4xx_it.o(i.SVC_Handler) for SVC_Handler
    startup_stm32f446xx.o(RESET) refers to stm32f4xx_it.o(i.DebugMon_Handler) for DebugMon_Handler
    startup_stm32f446xx.o(RESET) refers to stm32f4xx_it.o(i.PendSV_Handler) for PendSV_Handler
    startup_stm32f446xx.o(RESET) refers to stm32f4xx_it.o(i.SysTick_Handler) for SysTick_Handler
    startup_stm32f446xx.o(RESET) refers to stm32f4xx_it.o(i.USART1_IRQHandler) for USART1_IRQHandler
    startup_stm32f446xx.o(RESET) refers to stm32f4xx_it.o(i.EXTI15_10_IRQHandler) for EXTI15_10_IRQHandler
    startup_stm32f446xx.o(RESET) refers to stm32f4xx_it.o(i.TIM5_IRQHandler) for TIM5_IRQHandler
    startup_stm32f446xx.o(RESET) refers to stm32f4xx_it.o(i.TIM6_DAC_IRQHandler) for TIM6_DAC_IRQHandler
    startup_stm32f446xx.o(RESET) refers to stm32f4xx_it.o(i.TIM7_IRQHandler) for TIM7_IRQHandler
    startup_stm32f446xx.o(RESET) refers to stm32f4xx_it.o(i.DMA2_Stream0_IRQHandler) for DMA2_Stream0_IRQHandler
    startup_stm32f446xx.o(RESET) refers to stm32f4xx_it.o(i.OTG_FS_IRQHandler) for OTG_FS_IRQHandler
    startup_stm32f446xx.o(.text) refers to system_stm32f4xx.o(i.SystemInit) for SystemInit
    startup_stm32f446xx.o(.text) refers to entry.o(.ARM.Collect$$$$00000000) for __main
    stm32f4xx_hal_pcd.o(i.HAL_PCD_ActivateRemoteWakeup) refers to stm32f4xx_ll_usb.o(i.USB_ActivateRemoteWakeup) for USB_ActivateRemoteWakeup
    stm32f4xx_hal_pcd.o(i.HAL_PCD_DeActivateRemoteWakeup) refers to stm32f4xx_ll_usb.o(i.USB_DeActivateRemoteWakeup) for USB_DeActivateRemoteWakeup
    stm32f4xx_hal_pcd.o(i.HAL_PCD_DeInit) refers to stm32f4xx_ll_usb.o(i.USB_StopDevice) for USB_StopDevice
    stm32f4xx_hal_pcd.o(i.HAL_PCD_DeInit) refers to usbd_conf.o(i.HAL_PCD_MspDeInit) for HAL_PCD_MspDeInit
    stm32f4xx_hal_pcd.o(i.HAL_PCD_DevConnect) refers to stm32f4xx_ll_usb.o(i.USB_DevConnect) for USB_DevConnect
    stm32f4xx_hal_pcd.o(i.HAL_PCD_DevDisconnect) refers to stm32f4xx_ll_usb.o(i.USB_DevDisconnect) for USB_DevDisconnect
    stm32f4xx_hal_pcd.o(i.HAL_PCD_EP_Close) refers to stm32f4xx_ll_usb.o(i.USB_DeactivateEndpoint) for USB_DeactivateEndpoint
    stm32f4xx_hal_pcd.o(i.HAL_PCD_EP_ClrStall) refers to stm32f4xx_ll_usb.o(i.USB_EPClearStall) for USB_EPClearStall
    stm32f4xx_hal_pcd.o(i.HAL_PCD_EP_Flush) refers to stm32f4xx_ll_usb.o(i.USB_FlushTxFifo) for USB_FlushTxFifo
    stm32f4xx_hal_pcd.o(i.HAL_PCD_EP_Flush) refers to stm32f4xx_ll_usb.o(i.USB_FlushRxFifo) for USB_FlushRxFifo
    stm32f4xx_hal_pcd.o(i.HAL_PCD_EP_Open) refers to stm32f4xx_ll_usb.o(i.USB_ActivateEndpoint) for USB_ActivateEndpoint
    stm32f4xx_hal_pcd.o(i.HAL_PCD_EP_Receive) refers to stm32f4xx_ll_usb.o(i.USB_EPStartXfer) for USB_EPStartXfer
    stm32f4xx_hal_pcd.o(i.HAL_PCD_EP_Receive) refers to stm32f4xx_ll_usb.o(i.USB_EP0StartXfer) for USB_EP0StartXfer
    stm32f4xx_hal_pcd.o(i.HAL_PCD_EP_SetStall) refers to stm32f4xx_ll_usb.o(i.USB_EPSetStall) for USB_EPSetStall
    stm32f4xx_hal_pcd.o(i.HAL_PCD_EP_SetStall) refers to stm32f4xx_ll_usb.o(i.USB_EP0_OutStart) for USB_EP0_OutStart
    stm32f4xx_hal_pcd.o(i.HAL_PCD_EP_Transmit) refers to stm32f4xx_ll_usb.o(i.USB_EPStartXfer) for USB_EPStartXfer
    stm32f4xx_hal_pcd.o(i.HAL_PCD_EP_Transmit) refers to stm32f4xx_ll_usb.o(i.USB_EP0StartXfer) for USB_EP0StartXfer
    stm32f4xx_hal_pcd.o(i.HAL_PCD_IRQHandler) refers to stm32f4xx_ll_usb.o(i.USB_GetMode) for USB_GetMode
    stm32f4xx_hal_pcd.o(i.HAL_PCD_IRQHandler) refers to stm32f4xx_ll_usb.o(i.USB_ReadInterrupts) for USB_ReadInterrupts
    stm32f4xx_hal_pcd.o(i.HAL_PCD_IRQHandler) refers to stm32f4xx_ll_usb.o(i.USB_ReadPacket) for USB_ReadPacket
    stm32f4xx_hal_pcd.o(i.HAL_PCD_IRQHandler) refers to stm32f4xx_ll_usb.o(i.USB_ReadDevAllOutEpInterrupt) for USB_ReadDevAllOutEpInterrupt
    stm32f4xx_hal_pcd.o(i.HAL_PCD_IRQHandler) refers to stm32f4xx_ll_usb.o(i.USB_ReadDevOutEPInterrupt) for USB_ReadDevOutEPInterrupt
[...]
    __hardfp_pow                             0x0800c921   Thumb Code  3072  pow.o(i.__hardfp_pow)
    __hardfp_sqrt                            0x0800d571   Thumb Code   122  sqrt.o(i.__hardfp_sqrt)
    __kernel_poly                            0x0800d5eb   Thumb Code   248  poly.o(i.__kernel_poly)
    __mathlib_dbl_divzero                    0x0800d6e9   Thumb Code    28  dunder.o(i.__mathlib_dbl_divzero)
    __mathlib_dbl_infnan2                    0x0800d719   Thumb Code    20  dunder.o(i.__mathlib_dbl_infnan2)
    __mathlib_dbl_invalid                    0x0800d731   Thumb Code    24  dunder.o(i.__mathlib_dbl_invalid)
    __mathlib_dbl_overflow                   0x0800d751   Thumb Code    24  dunder.o(i.__mathlib_dbl_overflow)
    __mathlib_dbl_underflow                  0x0800d771   Thumb Code    24  dunder.o(i.__mathlib_dbl_underflow)
    __scatterload_copy                       0x0800d791   Thumb Code    14  handlers.o(i.__scatterload_copy)
    __scatterload_null                       0x0800d79f   Thumb Code     2  handlers.o(i.__scatterload_null)
    __scatterload_zeroinit                   0x0800d7a1   Thumb Code    14  handlers.o(i.__scatterload_zeroinit)
    __set_errno                              0x0800d7b1   Thumb Code     6  errno.o(i.__set_errno)
    disk_initialize                          0x0800de2d   Thumb Code    36  diskio.o(i.disk_initialize)
    disk_ioctl                               0x0800de55   Thumb Code    24  diskio.o(i.disk_ioctl)
    disk_read                                0x0800de71   Thumb Code    24  diskio.o(i.disk_read)
    disk_status                              0x0800de8d   Thumb Code    18  diskio.o(i.disk_status)
    disk_write                               0x0800dea5   Thumb Code    24  diskio.o(i.disk_write)
    enable_ref_spads                         0x0800dec1   Thumb Code   148  vl53l0x_api_calibration.o(i.enable_ref_spads)
    enable_spad_bit                          0x0800df55   Thumb Code    42  vl53l0x_api_calibration.o(i.enable_spad_bit)
    f_close                                  0x0800df7f   Thumb Code    40  ff.o(i.f_close)
    f_mount                                  0x0800dfa9   Thumb Code    84  ff.o(i.f_mount)
    f_open                                   0x0800e001   Thumb Code   520  ff.o(i.f_open)
    f_sync                                   0x0800e20d   Thumb Code   142  ff.o(i.f_sync)
    f_write                                  0x0800e29b   Thumb Code   398  ff.o(i.f_write)
    fabs                                     0x0800e429   Thumb Code    24  fabs.o(i.fabs)
    fputc                                    0x0800e709   Thumb Code    20  usart.o(i.fputc)
    get_fattime                              0x0800e7dd   Thumb Code     4  fatfs.o(i.get_fattime)
    get_next_good_spad                       0x0800e81d   Thumb Code    92  vl53l0x_api_calibration.o(i.get_next_good_spad)
    get_ref_spad_map                         0x0800e879   Thumb Code    10  vl53l0x_api_calibration.o(i.get_ref_spad_map)
    get_sequence_step_timeout                0x0800e883   Thumb Code   242  vl53l0x_api_core.o(i.get_sequence_step_timeout)
    is_aperture                              0x0800e9f5   Thumb Code    20  vl53l0x_api_calibration.o(i.is_aperture)
    main                                     0x0800ea55   Thumb Code   780  main.o(i.main)
    perform_ref_signal_measurement           0x0800ef05   Thumb Code   100  vl53l0x_api_calibration.o(i.perform_ref_signal_measurement)
    sequence_step_enabled                    0x0800f0c7   Thumb Code    56  vl53l0x_api.o(i.sequence_step_enabled)
    set_ref_spad_map                         0x0800f0ff   Thumb Code    10  vl53l0x_api_calibration.o(i.set_ref_spad_map)
    set_sequence_step_timeout                0x0800f109   Thumb Code   258  vl53l0x_api_core.o(i.set_sequence_step_timeout)
    sqrt                                     0x0800f20b   Thumb Code   110  sqrt.o(i.sqrt)
    vl53l0x_general_start                    0x0800f3c9   Thumb Code    38  vl53l0x_gen.o(i.vl53l0x_general_start)
    vl53l0x_init                             0x0800f3f9   Thumb Code   152  vl53l0x.o(i.vl53l0x_init)
    vl53l0x_set_mode                         0x0800f4b1   Thumb Code   264  vl53l0x_gen.o(i.vl53l0x_set_mode)
    AHBPrescTable                            0x0800f5cc   Data          16  system_stm32f4xx.o(.constdata)
    APBPrescTable                            0x0800f5dc   Data           8  system_stm32f4xx.o(.constdata)
    gImage_usb_pic                           0x0800f5ec   Data        5000  main.o(.constdata)
    gImage_computer_pic                      0x08010974   Data        5000  main.o(.constdata)
    ascii_1206                               0x08011cfc   Data        1140  lcd.o(.constdata)
    ascii_1608                               0x08012170   Data        1520  lcd.o(.constdata)
    ascii_2412                               0x08012760   Data        4560  lcd.o(.constdata)
    ascii_3216                               0x08013930   Data          64  lcd.o(.constdata)
    tfont16                                  0x08013970   Data         204  lcd.o(.constdata)
    tfont24                                  0x08013a3c   Data          74  lcd.o(.constdata)
    tfont32                                  0x08013a86   Data         130  lcd.o(.constdata)
    pseudo2                                  0x08013b20   Data         512  mlx90640.o(.constdata)
    STORAGE_Inquirydata_FS                   0x08013d20   Data          36  usbd_storage_if.o(.constdata)
    __mathlib_zero                           0x08013dd0   Data           8  qnan.o(.constdata)
    Region$$Table$$Base                      0x08013dd8   Number         0  anon$$obj.o(Region$$Table)
    Region$$Table$$Limit                     0x08013df8   Number         0  anon$$obj.o(Region$$Table)
    SystemCoreClock                          0x20000000   Data           4  system_stm32f4xx.o(.data)
    uwTickFreq                               0x20000004   Data           1  stm32f4xx_hal.o(.data)
    uwTickPrio                               0x20000008   Data           4  stm32f4xx_hal.o(.data)
    uwTick                                   0x2000000c   Data           4  stm32f4xx_hal.o(.data)
    key_down_sign                            0x20000010   Data           1  main.o(.data)
    f_res                                    0x20000011   Data           1  main.o(.data)
    devie_state                              0x20000012   Data           1  main.o(.data)
    bat_adc_val                              0x20000014   Data           2  adc.o(.data)
    bat_adc_scale                            0x20000018   Data           4  adc.o(.data)
    adc_raw_buf                              0x2000001c   Data           2  adc.o(.data)
    tim6_time1                               0x20000020   Data           4  tim.o(.data)
    tim6_time2                               0x20000024   Data           4  tim.o(.data)
    key_scan_count                           0x20000028   Data           4  tim.o(.data)
    usart1_rx_data                           0x2000002c   Data           1  usart.o(.data)
    W25QXX_TYPE                              0x2000002e   Data           2  w25qxx.o(.data)
    Mode_data                                0x20000030   Data          56  vl53l0x.o(.data)
    Vl53l0x_Data_Z                           0x20000068   Data           4  vl53l0x.o(.data)
    DefaultTuningSettings                    0x2000006c   Data         243  vl53l0x_api.o(.data)
    InterruptThresholdSettings               0x2000015f   Data         438  vl53l0x_api.o(.data)
    refArrayQuadrants                        0x20000318   Data          16  vl53l0x_api_calibration.o(.data)
    mlx90640_status                          0x20000328   Data           2  mlx90640.o(.data)
    mlx90640_max_temp                        0x2000032c   Data           4  mlx90640.o(.data)
    mlx90640_min_temp                        0x20000330   Data           4  mlx90640.o(.data)
    mlx90640_med_temp                        0x20000334   Data           4  mlx90640.o(.data)
    mlx90640_vdd                             0x20000338   Data           4  mlx90640.o(.data)
    mlx90640_temp                            0x2000033c   Data           4  mlx90640.o(.data)
    emissivity                               0x20000340   Data           4  mlx90640.o(.data)
    USBD_MSC                                 0x20000358   Data          56  usbd_msc.o(.data)
    MSC_Page00_Inquiry_Data                  0x200003fa   Data           6  usbd_msc_data.o(.data)
    MSC_Page80_Inquiry_Data                  0x20000400   Data           8  usbd_msc_data.o(.data)
    MSC_Mode_Sense6_data                     0x20000408   Data          23  usbd_msc_data.o(.data)
    MSC_Mode_Sense10_data                    0x2000041f   Data          27  usbd_msc_data.o(.data)
    USER_Driver                              0x2000043c   Data          20  user_diskio.o(.data)
    retUSER                                  0x20000450   Data           1  fatfs.o(.data)
    USERPath                                 0x20000451   Data           4  fatfs.o(.data)
    FS_Desc                                  0x20000458   Data          32  usbd_desc.o(.data)
    USBD_LangIDDesc                          0x20000478   Data           4  usbd_desc.o(.data)
    USBD_FS_DeviceDesc                       0x2000047c   Data          18  usbd_desc.o(.data)
    USBD_FS_BOSDesc                          0x20000490   Data          12  usbd_desc.o(.data)
    USBD_StringSerial                        0x2000049c   Data          26  usbd_desc.o(.data)
    USBD_Storage_Interface_fops_FS           0x200004b8   Data          32  usbd_storage_if.o(.data)
    __stdout                                 0x20000500   Data           4  stdout.o(.data)
    fs                                       0x20000508   Data        4144  main.o(.bss)
    hadc1                                    0x20001538   Data          72  adc.o(.bss)
    hdma_adc1                                0x20001580   Data          96  adc.o(.bss)
    hi2c1                                    0x200015e0   Data          84  i2c.o(.bss)
    hspi2                                    0x20001634   Data          88  spi.o(.bss)
    htim3                                    0x2000168c   Data          72  tim.o(.bss)
    htim5                                    0x200016d4   Data          72  tim.o(.bss)
    htim6                                    0x2000171c   Data          72  tim.o(.bss)
    htim7                                    0x20001764   Data          72  tim.o(.bss)
    huart1                                   0x200017ac   Data          68  usart.o(.bss)
    bmp_data_buf                             0x200017f0   Data        1280  bmp.o(.bss)
    W25QXX_BUFFER                            0x20001cf0   Data        4096  w25qxx.o(.bss)
    vl53l0x_dev                              0x20002cf0   Data         352  vl53l0x.o(.bss)
    vl53l0x_dev_info                         0x20002e50   Data          99  vl53l0x.o(.bss)
    vl53l0x_data                             0x20002eb4   Data          28  vl53l0x_gen.o(.bss)
    mlx90640                                 0x20002ed0   Data       10864  mlx90640.o(.bss)
    disk                                     0x20008518   Data          12  ff_gen_drv.o(.bss)
    hUsbDeviceFS                             0x20008524   Data         720  usb_device.o(.bss)
    USBD_StrDesc                             0x200087f4   Data        4096  usbd_desc.o(.bss)
    hpcd_USB_OTG_FS                          0x2000a86c   Data        1032  usbd_conf.o(.bss)
    __initial_sp                             0x2000bdb8   Data           0  startup_stm32f446xx.o(STACK)



==============================================================================

Memory Map of the image

  Image Entry point : 0x080001c5

  Load Region LR_IROM1 (Base: 0x08000000, Size: 0x00014300, Max: 0x00080000, ABSOLUTE, COMPRESSED[0x00014194])

    Execution Region ER_IROM1 (Exec base: 0x08000000, Load base: 0x08000000, Size: 0x00013df8, Max: 0x00080000, ABSOLUTE)

    Exec Addr    Load Addr    Size         Type   Attr      Idx    E Section Name        Object

    0x08000000   0x08000000   0x000001c4   Data   RO          160    RESET               startup_stm32f446xx.o
    0x080001c4   0x080001c4   0x00000000   Code   RO         8959  * .ARM.Collect$$$$00000000  mc_w.l(entry.o)
    0x080001c4   0x080001c4   0x00000004   Code   RO         9274    .ARM.Collect$$$$00000001  mc_w.l(entry2.o)
    0x080001c8   0x080001c8   0x00000004   Code   RO         9277    .ARM.Collect$$$$00000004  mc_w.l(entry5.o)
    0x080001cc   0x080001cc   0x00000000   Code   RO         9279    .ARM.Collect$$$$00000008  mc_w.l(entry7b.o)
    0x080001cc   0x080001cc   0x00000000   Code   RO         9281    .ARM.Collect$$$$0000000A  mc_w.l(entry8b.o)
    0x080001cc   0x080001cc   0x00000008   Code   RO         9282    .ARM.Collect$$$$0000000B  mc_w.l(entry9a.o)
    0x080001d4   0x080001d4   0x00000004   Code   RO         9289    .ARM.Collect$$$$0000000E  mc_w.l(entry12b.o)
    0x080001d8   0x080001d8   0x00000000   Code   RO         9284    .ARM.Collect$$$$0000000F  mc_w.l(entry10a.o)
    0x080001d8   0x080001d8   0x00000000   Code   RO         9286    .ARM.Collect$$$$00000011  mc_w.l(entry11a.o)
    0x080001d8   0x080001d8   0x00000004   Code   RO         9275    .ARM.Collect$$$$00002712  mc_w.l(entry2.o)
    0x080001dc   0x080001dc   0x00000024   Code   RO          161    .text               startup_stm32f446xx.o
    0x08000200   0x08000200   0x00000062   Code   RO         8962    .text               mc_w.l(uldiv.o)
    0x08000262   0x08000262   0x00000024   Code   RO         8964    .text               mc_w.l(memcpya.o)
    0x08000286   0x08000286   0x00000024   Code   RO         8966    .text               mc_w.l(memseta.o)
    0x080002aa   0x080002aa   0x00000018   Code   RO         8968    .text               mc_w.l(strcat.o)
    0x080002c2   0x080002c2   0x00000012   Code   RO         8970    .text               mc_w.l(strcpy.o)
    0x080002d4   0x080002d4   0x0000014e   Code   RO         9235    .text               mf_w.l(dadd.o)
    0x08000422   0x08000422   0x000000e4   Code   RO         9237    .text               mf_w.l(dmul.o)
    0x08000506   0x08000506   0x000000de   Code   RO         9239    .text               mf_w.l(ddiv.o)
    0x080005e4   0x080005e4   0x00000022   Code   RO         9241    .text               mf_w.l(dflti.o)
    0x08000606   0x08000606   0x0000001a   Code   RO         9243    .text               mf_w.l(dfltui.o)
    0x08000620   0x08000620   0x00000026   Code   RO         9245    .text               mf_w.l(f2d.o)
    0x08000646   0x08000646   0x00000038   Code   RO         9247    .text               mf_w.l(d2f.o)
    0x0800067e   0x0800067e   0x0000002c   Code   RO         9291    .text               mc_w.l(uidiv.o)
    0x080006aa   0x080006aa   0x0000001e   Code   RO         9293    .text               mc_w.l(llshl.o)
    0x080006c8   0x080006c8   0x00000020   Code   RO         9295    .text               mc_w.l(llushr.o)
    0x080006e8   0x080006e8   0x00000024   Code   RO         9297    .text               mc_w.l(llsshr.o)
    0x0800070c   0x0800070c   0x00000000   Code   RO         9306    .text               mc_w.l(iusefp.o)
    0x0800070c   0x0800070c   0x0000006e   Code   RO         9307    .text               mf_w.l(fepilogue.o)
    0x0800077a   0x0800077a   0x000000ba   Code   RO         9309    .text               mf_w.l(depilogue.o)
    0x08000834   0x08000834   0x0000002e   Code   RO         9313    .text               mf_w.l(dscalb.o)
    0x08000862   0x08000862   0x000000a2   Code   RO         9315    .text               mf_w.l(dsqrt.o)
    0x08000904   0x08000904   0x00000030   Code   RO         9321    .text               mf_w.l(cdrcmple.o)
    0x08000934   0x08000934   0x00000024   Code   RO         9323    .text               mc_w.l(init.o)
    0x08000958   0x08000958   0x00000056   Code   RO         9333    .text               mc_w.l(__dczerorl2.o)
    0x080009ae   0x080009ae   0x00000002   PAD
    0x080009b0   0x080009b0   0x00000514   Code   RO         6940    RAMCODE             mlx90640_api.o
    0x08000ec4   0x08000ec4   0x0000006e   Code   RO         1983    i.ADC_DMAConvCplt   stm32f4xx_hal_adc.o
    0x08000f32   0x08000f32   0x00000016   Code   RO         1984    i.ADC_DMAError      stm32f4xx_hal_adc.o
    0x08000f48   0x08000f48   0x0000000a   Code   RO         1985    i.ADC_DMAHalfConvCplt  stm32f4xx_hal_adc.o
    0x08000f52   0x08000f52   0x00000002   PAD
    0x08000f54   0x08000f54   0x00000128   Code   RO         1986    i.ADC_Init          stm32f4xx_hal_adc.o
    0x0800107c   0x0800107c   0x0000001e   Code   RO         8825    i.Array_Return_Max  feature.o
    0x0800109a   0x0800109a   0x00000020   Code   RO         8826    i.Array_Return_Max_Sub_Z  feature.o
    0x080010ba   0x080010ba   0x00000002   PAD
    0x080010bc   0x080010bc   0x0000001e   Code   RO         8827    i.Array_Return_Min  feature.o
    0x080010da   0x080010da   0x0000001e   Code   RO         4706    i.Bat_Adc_Change_Scale  adc.o
    0x080010f8   0x080010f8   0x00000094   Code   RO         6853    i.Bilinear_Interpolation  mlx90640.o
    0x0800118c   0x0800118c   0x00000002   Code   RO         5015    i.BusFault_Handler  stm32f4xx_it.o
    0x0800118e   0x0800118e   0x0000001e   Code   RO         6941    i.CheckAdjacentPixels  mlx90640_api.o
    0x080011ac   0x080011ac   0x0000000e   Code   RO         6942    i.CheckEEPROMValid  mlx90640_api.o
    0x080011ba   0x080011ba   0x00000002   PAD
    0x080011bc   0x080011bc   0x0000000c   Code   RO         5016    i.DMA2_Stream0_IRQHandler  stm32f4xx_it.o
    0x080011c8   0x080011c8   0x00000028   Code   RO         1292    i.DMA_CalcBaseAndBitshift  stm32f4xx_hal_dma.o
    0x080011f0   0x080011f0   0x00000054   Code   RO         1293    i.DMA_CheckFifoParam  stm32f4xx_hal_dma.o
    0x08001244   0x08001244   0x00000028   Code   RO         1294    i.DMA_SetConfig     stm32f4xx_hal_dma.o
    0x0800126c   0x0800126c   0x00000002   Code   RO         5017    i.DebugMon_Handler  stm32f4xx_it.o
    0x0800126e   0x0800126e   0x00000002   PAD
    0x08001270   0x08001270   0x00000064   Code   RO         8912    i.Delay_us_Z        system.o
    0x080012d4   0x080012d4   0x00000060   Code   RO         4707    i.Disp_Bat_Frame    adc.o
    0x08001334   0x08001334   0x00000180   Code   RO         4708    i.Disp_Bat_Scale    adc.o
    0x080014b4   0x080014b4   0x000001d0   Code   RO         6855    i.Disp_Dlc_Mod      mlx90640.o
    0x08001684   0x08001684   0x00000160   Code   RO         6856    i.Disp_Temp_Pic     mlx90640.o
    0x080017e4   0x080017e4   0x0000003c   Code   RO         6857    i.Disp_Temp_Ribbon  mlx90640.o
    0x08001820   0x08001820   0x000000bc   Code   RO         5157    i.Draw_Circle       lcd.o
    0x080018dc   0x080018dc   0x00000008   Code   RO         5018    i.EXTI15_10_IRQHandler  stm32f4xx_it.o
    0x080018e4   0x080018e4   0x00000004   Code   RO         4375    i.Error_Handler     main.o
    0x080018e8   0x080018e8   0x00000194   Code   RO         6943    i.ExtractAlphaParameters  mlx90640_api.o
    0x08001a7c   0x08001a7c   0x000000a8   Code   RO         6944    i.ExtractCILCParameters  mlx90640_api.o
    0x08001b24   0x08001b24   0x000001d8   Code   RO         6945    i.ExtractCPParameters  mlx90640_api.o
    0x08001cfc   0x08001cfc   0x00000140   Code   RO         6946    i.ExtractDeviatingPixels  mlx90640_api.o
    0x08001e3c   0x08001e3c   0x00000010   Code   RO         6947    i.ExtractGainParameters  mlx90640_api.o
    0x08001e4c   0x08001e4c   0x0000003c   Code   RO         6948    i.ExtractKsTaParameters  mlx90640_api.o
    0x08001e88   0x08001e88   0x000000c8   Code   RO         6949    i.ExtractKsToParameters  mlx90640_api.o
    0x08001f50   0x08001f50   0x00000150   Code   RO         6950    i.ExtractKtaPixelParameters  mlx90640_api.o
    0x080020a0   0x080020a0   0x000000ec   Code   RO         6951    i.ExtractKvPixelParameters  mlx90640_api.o
    0x0800218c   0x0800218c   0x00000106   Code   RO         6952    i.ExtractOffsetParameters  mlx90640_api.o
    0x08002292   0x08002292   0x00000002   PAD
    0x08002294   0x08002294   0x000000d0   Code   RO         6953    i.ExtractPTATParameters  mlx90640_api.o
    0x08002364   0x08002364   0x00000038   Code   RO         6955    i.ExtractTgcParameters  mlx90640_api.o
    0x0800239c   0x0800239c   0x00000020   Code   RO         6956    i.ExtractVDDParameters  mlx90640_api.o
    0x080023bc   0x080023bc   0x00000006   Code   RO         7656    i.FATFS_LinkDriver  ff_gen_drv.o
    0x080023c2   0x080023c2   0x00000002   PAD
    0x080023c4   0x080023c4   0x00000040   Code   RO         7657    i.FATFS_LinkDriverEx  ff_gen_drv.o
    0x08002404   0x08002404   0x00000006   Code   RO         7658    i.FATFS_UnLinkDriver  ff_gen_drv.o
    0x0800240a   0x0800240a   0x00000002   PAD
    0x0800240c   0x0800240c   0x00000034   Code   RO         7659    i.FATFS_UnLinkDriverEx  ff_gen_drv.o
    0x08002440   0x08002440   0x00000100   Code   RO         8875    i.Filtering2_Median_Average_Z  filter.o
    0x08002540   0x08002540   0x0000000c   Code   RO         5515    i.Get_Vl53l0x_Data  vl53l0x.o
    0x0800254c   0x0800254c   0x00000164   Code   RO         1988    i.HAL_ADC_ConfigChannel  stm32f4xx_hal_adc.o
    0x080026b0   0x080026b0   0x00000002   Code   RO         1989    i.HAL_ADC_ConvCpltCallback  stm32f4xx_hal_adc.o
    0x080026b2   0x080026b2   0x00000002   Code   RO         1990    i.HAL_ADC_ConvHalfCpltCallback  stm32f4xx_hal_adc.o
    0x080026b4   0x080026b4   0x00000002   Code   RO         1992    i.HAL_ADC_ErrorCallback  stm32f4xx_hal_adc.o
    0x080026b6   0x080026b6   0x00000054   Code   RO         1997    i.HAL_ADC_Init      stm32f4xx_hal_adc.o
    0x0800270a   0x0800270a   0x00000002   PAD
    0x0800270c   0x0800270c   0x00000098   Code   RO         4710    i.HAL_ADC_MspInit   adc.o
    0x080027a4   0x080027a4   0x00000154   Code   RO         2004    i.HAL_ADC_Start_DMA  stm32f4xx_hal_adc.o
    0x080028f8   0x080028f8   0x00000092   Code   RO         1295    i.HAL_DMA_Abort     stm32f4xx_hal_dma.o
    0x0800298a   0x0800298a   0x00000024   Code   RO         1296    i.HAL_DMA_Abort_IT  stm32f4xx_hal_dma.o
    0x080029ae   0x080029ae   0x00000002   PAD
    0x080029b0   0x080029b0   0x000001a0   Code   RO         1300    i.HAL_DMA_IRQHandler  stm32f4xx_hal_dma.o
    0x08002b50   0x08002b50   0x000000d4   Code   RO         1301    i.HAL_DMA_Init      stm32f4xx_hal_dma.o
    0x08002c24   0x08002c24   0x0000006e   Code   RO         1305    i.HAL_DMA_Start_IT  stm32f4xx_hal_dma.o
    0x08002c92   0x08002c92   0x00000002   PAD
    0x08002c94   0x08002c94   0x00000024   Code   RO         1732    i.HAL_Delay         stm32f4xx_hal.o
    0x08002cb8   0x08002cb8   0x0000000c   Code   RO         4670    i.HAL_GPIO_EXTI_Callback  gpio.o
    0x08002cc4   0x08002cc4   0x00000018   Code   RO         1187    i.HAL_GPIO_EXTI_IRQHandler  stm32f4xx_hal_gpio.o
    0x08002cdc   0x08002cdc   0x000001dc   Code   RO         1188    i.HAL_GPIO_Init     stm32f4xx_hal_gpio.o
    0x08002eb8   0x08002eb8   0x0000000a   Code   RO         1190    i.HAL_GPIO_ReadPin  stm32f4xx_hal_gpio.o
    0x08002ec2   0x08002ec2   0x0000000a   Code   RO         1192    i.HAL_GPIO_WritePin  stm32f4xx_hal_gpio.o
    0x08002ecc   0x08002ecc   0x0000000c   Code   RO         1738    i.HAL_GetTick       stm32f4xx_hal.o
    0x08002ed8   0x08002ed8   0x00000188   Code   RO         2272    i.HAL_I2C_Init      stm32f4xx_hal_i2c.o
    0x08003060   0x08003060   0x00000068   Code   RO         4800    i.HAL_I2C_MspInit   i2c.o
    0x080030c8   0x080030c8   0x00000010   Code   RO         1744    i.HAL_IncTick       stm32f4xx_hal.o
    0x080030d8   0x080030d8   0x00000034   Code   RO         1745    i.HAL_Init          stm32f4xx_hal.o
    0x0800310c   0x0800310c   0x00000040   Code   RO         1746    i.HAL_InitTick      stm32f4xx_hal.o
    0x0800314c   0x0800314c   0x00000030   Code   RO         5133    i.HAL_MspInit       stm32f4xx_hal_msp.o
    0x0800317c   0x0800317c   0x0000001a   Code   RO         1595    i.HAL_NVIC_EnableIRQ  stm32f4xx_hal_cortex.o
    0x08003196   0x08003196   0x00000002   PAD
    0x08003198   0x08003198   0x00000040   Code   RO         1601    i.HAL_NVIC_SetPriority  stm32f4xx_hal_cortex.o
    0x080031d8   0x080031d8   0x00000024   Code   RO         1602    i.HAL_NVIC_SetPriorityGrouping  stm32f4xx_hal_cortex.o
    0x080031fc   0x080031fc   0x00000028   Code   RO          398    i.HAL_PCDEx_ActivateLPM  stm32f4xx_hal_pcd_ex.o
    0x08003224   0x08003224   0x00000060   Code   RO         8612    i.HAL_PCDEx_LPM_Callback  usbd_conf.o
    0x08003284   0x08003284   0x00000008   Code   RO          402    i.HAL_PCDEx_SetRxFiFo  stm32f4xx_hal_pcd_ex.o
    0x0800328c   0x0800328c   0x00000044   Code   RO          403    i.HAL_PCDEx_SetTxFiFo  stm32f4xx_hal_pcd_ex.o
    0x080032d0   0x080032d0   0x00000008   Code   RO         8613    i.HAL_PCD_ConnectCallback  usbd_conf.o
    0x080032d8   0x080032d8   0x00000012   Code   RO         8614    i.HAL_PCD_DataInStageCallback  usbd_conf.o
    0x080032ea   0x080032ea   0x00000014   Code   RO         8615    i.HAL_PCD_DataOutStageCallback  usbd_conf.o
    0x080032fe   0x080032fe   0x00000008   Code   RO         8616    i.HAL_PCD_DisconnectCallback  usbd_conf.o
    0x08003306   0x08003306   0x0000004c   Code   RO          177    i.HAL_PCD_EP_Close  stm32f4xx_hal_pcd.o
    0x08003352   0x08003352   0x0000005c   Code   RO          178    i.HAL_PCD_EP_ClrStall  stm32f4xx_hal_pcd.o
    0x080033ae   0x080033ae   0x00000034   Code   RO          179    i.HAL_PCD_EP_Flush  stm32f4xx_hal_pcd.o
    0x080033e2   0x080033e2   0x00000012   Code   RO          180    i.HAL_PCD_EP_GetRxCount  stm32f4xx_hal_pcd.o
    0x080033f4   0x080033f4   0x00000060   Code   RO          181    i.HAL_PCD_EP_Open   stm32f4xx_hal_pcd.o
    0x08003454   0x08003454   0x00000048   Code   RO          182    i.HAL_PCD_EP_Receive  stm32f4xx_hal_pcd.o
    0x0800349c   0x0800349c   0x00000074   Code   RO          183    i.HAL_PCD_EP_SetStall  stm32f4xx_hal_pcd.o
    0x08003510   0x08003510   0x00000040   Code   RO          184    i.HAL_PCD_EP_Transmit  stm32f4xx_hal_pcd.o
    0x08003550   0x08003550   0x00000470   Code   RO          186    i.HAL_PCD_IRQHandler  stm32f4xx_hal_pcd.o
    0x080039c0   0x080039c0   0x00000008   Code   RO         8617    i.HAL_PCD_ISOINIncompleteCallback  usbd_conf.o
    0x080039c8   0x080039c8   0x00000008   Code   RO         8618    i.HAL_PCD_ISOOUTIncompleteCallback  usbd_conf.o
    0x080039d0   0x080039d0   0x000000ee   Code   RO          189    i.HAL_PCD_Init      stm32f4xx_hal_pcd.o
    0x08003abe   0x08003abe   0x00000002   PAD
    0x08003ac0   0x08003ac0   0x000000b0   Code   RO         8620    i.HAL_PCD_MspInit   usbd_conf.o
    0x08003b70   0x08003b70   0x0000002c   Code   RO         8621    i.HAL_PCD_ResetCallback  usbd_conf.o
    0x08003b9c   0x08003b9c   0x00000008   Code   RO         8622    i.HAL_PCD_ResumeCallback  usbd_conf.o
    0x08003ba4   0x08003ba4   0x00000008   Code   RO         8623    i.HAL_PCD_SOFCallback  usbd_conf.o
    0x08003bac   0x08003bac   0x00000028   Code   RO          195    i.HAL_PCD_SetAddress  stm32f4xx_hal_pcd.o
    0x08003bd4   0x08003bd4   0x0000000e   Code   RO         8624    i.HAL_PCD_SetupStageCallback  usbd_conf.o
    0x08003be2   0x08003be2   0x00000042   Code   RO          197    i.HAL_PCD_Start     stm32f4xx_hal_pcd.o
    0x08003c24   0x08003c24   0x0000004a   Code   RO          198    i.HAL_PCD_Stop      stm32f4xx_hal_pcd.o
    0x08003c6e   0x08003c6e   0x00000002   PAD
    0x08003c70   0x08003c70   0x00000030   Code   RO         8625    i.HAL_PCD_SuspendCallback  usbd_conf.o
    0x08003ca0   0x08003ca0   0x00000070   Code   RO         1524    i.HAL_PWREx_EnableOverDrive  stm32f4xx_hal_pwr_ex.o
    0x08003d10   0x08003d10   0x00000430   Code   RO          857    i.HAL_RCCEx_PeriphCLKConfig  stm32f4xx_hal_rcc_ex.o
    0x08004140   0x08004140   0x00000134   Code   RO          750    i.HAL_RCC_ClockConfig  stm32f4xx_hal_rcc.o
    0x08004274   0x08004274   0x0000000c   Code   RO          755    i.HAL_RCC_GetHCLKFreq  stm32f4xx_hal_rcc.o
    0x08004280   0x08004280   0x00000020   Code   RO          757    i.HAL_RCC_GetPCLK1Freq  stm32f4xx_hal_rcc.o
    0x080042a0   0x080042a0   0x00000020   Code   RO          758    i.HAL_RCC_GetPCLK2Freq  stm32f4xx_hal_rcc.o
    0x080042c0   0x080042c0   0x00000094   Code   RO          861    i.HAL_RCC_GetSysClockFreq  stm32f4xx_hal_rcc_ex.o
    0x08004354   0x08004354   0x00000398   Code   RO          862    i.HAL_RCC_OscConfig  stm32f4xx_hal_rcc_ex.o
    0x080046ec   0x080046ec   0x000000bc   Code   RO         2734    i.HAL_SPI_Init      stm32f4xx_hal_spi.o
    0x080047a8   0x080047a8   0x0000006c   Code   RO         4842    i.HAL_SPI_MspInit   spi.o
    0x08004814   0x08004814   0x000001e2   Code   RO         2743    i.HAL_SPI_TransmitReceive  stm32f4xx_hal_spi.o
    0x080049f6   0x080049f6   0x00000028   Code   RO         1606    i.HAL_SYSTICK_Config  stm32f4xx_hal_cortex.o
    0x08004a1e   0x08004a1e   0x00000002   Code   RO         3751    i.HAL_TIMEx_BreakCallback  stm32f4xx_hal_tim_ex.o
    0x08004a20   0x08004a20   0x00000002   Code   RO         3752    i.HAL_TIMEx_CommutCallback  stm32f4xx_hal_tim_ex.o
    0x08004a22   0x08004a22   0x00000002   PAD
    0x08004a24   0x08004a24   0x00000090   Code   RO         3770    i.HAL_TIMEx_MasterConfigSynchronization  stm32f4xx_hal_tim_ex.o
    0x08004ab4   0x08004ab4   0x0000005a   Code   RO         3047    i.HAL_TIM_Base_Init  stm32f4xx_hal_tim.o
    0x08004b0e   0x08004b0e   0x00000002   PAD
    0x08004b10   0x08004b10   0x000000a4   Code   RO         4884    i.HAL_TIM_Base_MspInit  tim.o
    0x08004bb4   0x08004bb4   0x00000080   Code   RO         3052    i.HAL_TIM_Base_Start_IT  stm32f4xx_hal_tim.o
    0x08004c34   0x08004c34   0x000000dc   Code   RO         3056    i.HAL_TIM_ConfigClockSource  stm32f4xx_hal_tim.o
    0x08004d10   0x08004d10   0x00000002   Code   RO         3081    i.HAL_TIM_IC_CaptureCallback  stm32f4xx_hal_tim.o
    0x08004d12   0x08004d12   0x00000166   Code   RO         3095    i.HAL_TIM_IRQHandler  stm32f4xx_hal_tim.o
    0x08004e78   0x08004e78   0x00000054   Code   RO         4885    i.HAL_TIM_MspPostInit  tim.o
    0x08004ecc   0x08004ecc   0x00000002   Code   RO         3098    i.HAL_TIM_OC_DelayElapsedCallback  stm32f4xx_hal_tim.o
    0x08004ece   0x08004ece   0x000000cc   Code   RO         3119    i.HAL_TIM_PWM_ConfigChannel  stm32f4xx_hal_tim.o
    0x08004f9a   0x08004f9a   0x0000005a   Code   RO         3122    i.HAL_TIM_PWM_Init  stm32f4xx_hal_tim.o
    0x08004ff4   0x08004ff4   0x00000002   Code   RO         3124    i.HAL_TIM_PWM_MspInit  stm32f4xx_hal_tim.o
    0x08004ff6   0x08004ff6   0x00000002   Code   RO         3125    i.HAL_TIM_PWM_PulseFinishedCallback  stm32f4xx_hal_tim.o
    0x08004ff8   0x08004ff8   0x000000c8   Code   RO         3127    i.HAL_TIM_PWM_Start  stm32f4xx_hal_tim.o
    0x080050c0   0x080050c0   0x0000005c   Code   RO         4886    i.HAL_TIM_PeriodElapsedCallback  tim.o
    0x0800511c   0x0800511c   0x00000002   Code   RO         3138    i.HAL_TIM_TriggerCallback  stm32f4xx_hal_tim.o
    0x0800511e   0x0800511e   0x00000002   Code   RO         4029    i.HAL_UARTEx_RxEventCallback  stm32f4xx_hal_uart.o
    0x08005120   0x08005120   0x00000002   Code   RO         4043    i.HAL_UART_ErrorCallback  stm32f4xx_hal_uart.o
    0x08005122   0x08005122   0x00000002   PAD
    0x08005124   0x08005124   0x00000268   Code   RO         4046    i.HAL_UART_IRQHandler  stm32f4xx_hal_uart.o
    0x0800538c   0x0800538c   0x00000062   Code   RO         4047    i.HAL_UART_Init     stm32f4xx_hal_uart.o
    0x080053ee   0x080053ee   0x00000002   PAD
    0x080053f0   0x080053f0   0x0000007c   Code   RO         4957    i.HAL_UART_MspInit  usart.o
    0x0800546c   0x0800546c   0x0000002a   Code   RO         4052    i.HAL_UART_Receive_IT  stm32f4xx_hal_uart.o
    0x08005496   0x08005496   0x00000002   PAD
    0x08005498   0x08005498   0x00000060   Code   RO         4958    i.HAL_UART_RxCpltCallback  usart.o
    0x080054f8   0x080054f8   0x000000b2   Code   RO         4055    i.HAL_UART_Transmit  stm32f4xx_hal_uart.o
    0x080055aa   0x080055aa   0x00000002   Code   RO         4058    i.HAL_UART_TxCpltCallback  stm32f4xx_hal_uart.o
    0x080055ac   0x080055ac   0x00000002   Code   RO         5019    i.HardFault_Handler  stm32f4xx_it.o
    0x080055ae   0x080055ae   0x00000002   PAD
    0x080055b0   0x080055b0   0x0000001c   Code   RO         8829    i.Historical_Differences  feature.o
    0x080055cc   0x080055cc   0x0000007c   Code   RO         7163    i.I2CReadBytes      mlx90640_swi2c_driver.o
    0x08005648   0x08005648   0x0000003c   Code   RO         7164    i.I2CReceiveAck     mlx90640_swi2c_driver.o
    0x08005684   0x08005684   0x00000038   Code   RO         7165    i.I2CRepeatedStart  mlx90640_swi2c_driver.o
    0x080056bc   0x080056bc   0x00000034   Code   RO         7166    i.I2CSendACK        mlx90640_swi2c_driver.o
    0x080056f0   0x080056f0   0x00000058   Code   RO         7167    i.I2CSendByte       mlx90640_swi2c_driver.o
    0x08005748   0x08005748   0x00000034   Code   RO         7168    i.I2CSendNack       mlx90640_swi2c_driver.o
    0x0800577c   0x0800577c   0x00000038   Code   RO         7169    i.I2CStart          mlx90640_swi2c_driver.o
    0x080057b4   0x080057b4   0x00000034   Code   RO         7170    i.I2CStop           mlx90640_swi2c_driver.o
    0x080057e8   0x080057e8   0x00000038   Code   RO         8472    i.IntToUnicode      usbd_desc.o
    0x08005820   0x08005820   0x00000038   Code   RO         5312    i.LCD_Address_Set   lcd_init.o
    0x08005858   0x08005858   0x0000009c   Code   RO         5158    i.LCD_DrawLine      lcd.o
    0x080058f4   0x080058f4   0x00000016   Code   RO         5159    i.LCD_DrawPoint     lcd.o
    0x0800590a   0x0800590a   0x00000046   Code   RO         5160    i.LCD_DrawRectangle  lcd.o
    0x08005950   0x08005950   0x0000003e   Code   RO         5161    i.LCD_Fill          lcd.o
    0x0800598e   0x0800598e   0x00000002   PAD
    0x08005990   0x08005990   0x00000048   Code   RO         5162    i.LCD_Fill_Buf      lcd.o
    0x080059d8   0x080059d8   0x0000007c   Code   RO         5313    i.LCD_GPIO_Init     lcd_init.o
    0x08005a54   0x08005a54   0x000001a8   Code   RO         5314    i.LCD_Init          lcd_init.o
    0x08005bfc   0x08005bfc   0x00000060   Code   RO         5163    i.LCD_ReadPoint     lcd.o
    0x08005c5c   0x08005c5c   0x0000002e   Code   RO         5164    i.LCD_SetCursor     lcd.o
    0x08005c8a   0x08005c8a   0x00000002   PAD
    0x08005c8c   0x08005c8c   0x00000108   Code   RO         5165    i.LCD_ShowChar      lcd.o
    0x08005d94   0x08005d94   0x00000072   Code   RO         5166    i.LCD_ShowChinese   lcd.o
    0x08005e06   0x08005e06   0x00000002   PAD
    0x08005e08   0x08005e08   0x000000d0   Code   RO         5167    i.LCD_ShowChinese16x16  lcd.o
    0x08005ed8   0x08005ed8   0x000000d4   Code   RO         5168    i.LCD_ShowChinese24x24  lcd.o
    0x08005fac   0x08005fac   0x000000d0   Code   RO         5169    i.LCD_ShowChinese32x32  lcd.o
    0x0800607c   0x0800607c   0x00000052   Code   RO         5172    i.LCD_ShowPicture   lcd.o
    0x080060ce   0x080060ce   0x0000003a   Code   RO         5173    i.LCD_ShowString    lcd.o
    0x08006108   0x08006108   0x0000012e   Code   RO         5174    i.LCD_Show_Dis_Superposition  lcd.o
    0x08006236   0x08006236   0x0000016a   Code   RO         5175    i.LCD_Show_Temp_Superposition  lcd.o
    0x080063a0   0x080063a0   0x000000fc   Code   RO         5176    i.LCD_Show_Vdd_Superposition  lcd.o
    0x0800649c   0x0800649c   0x00000014   Code   RO         5315    i.LCD_WR_DATA       lcd_init.o
    0x080064b0   0x080064b0   0x00000004   Code   RO         5316    i.LCD_WR_DATA8      lcd_init.o
    0x080064b4   0x080064b4   0x0000001c   Code   RO         5317    i.LCD_WR_REG        lcd_init.o
    0x080064d0   0x080064d0   0x00000024   Code   RO         5318    i.LCD_Writ_Bus      lcd_init.o
    0x080064f4   0x080064f4   0x0000006c   Code   RO         5177    i.Lcd_ReadData_16Bit  lcd.o
    0x08006560   0x08006560   0x0000000e   Code   RO         6960    i.MLX90640_DumpEE   mlx90640_api.o
    0x0800656e   0x0800656e   0x00000088   Code   RO         6961    i.MLX90640_ExtractParameters  mlx90640_api.o
    0x080065f6   0x080065f6   0x000000a8   Code   RO         6964    i.MLX90640_GetFrameData  mlx90640_api.o
    0x0800669e   0x0800669e   0x00000002   PAD
    0x080066a0   0x080066a0   0x000000d8   Code   RO         6968    i.MLX90640_GetTa    mlx90640_api.o
    0x08006778   0x08006778   0x000000c4   Code   RO         6969    i.MLX90640_GetVdd   mlx90640_api.o
    0x0800683c   0x0800683c   0x00000048   Code   RO         7171    i.MLX90640_I2CInit  mlx90640_swi2c_driver.o
    0x08006884   0x08006884   0x000000ac   Code   RO         7172    i.MLX90640_I2CRead  mlx90640_swi2c_driver.o
    0x08006930   0x08006930   0x00000080   Code   RO         7173    i.MLX90640_I2CWrite  mlx90640_swi2c_driver.o
    0x080069b0   0x080069b0   0x00000028   Code   RO         6970    i.MLX90640_SetChessMode  mlx90640_api.o
    0x080069d8   0x080069d8   0x00000030   Code   RO         6972    i.MLX90640_SetRefreshRate  mlx90640_api.o
    0x08006a08   0x08006a08   0x00000048   Code   RO         8120    i.MSC_BOT_Abort     usbd_msc_bot.o
    0x08006a50   0x08006a50   0x000000cc   Code   RO         8121    i.MSC_BOT_CBW_Decode  usbd_msc_bot.o
    0x08006b1c   0x08006b1c   0x0000003c   Code   RO         8122    i.MSC_BOT_CplClrFeature  usbd_msc_bot.o
    0x08006b58   0x08006b58   0x00000040   Code   RO         8123    i.MSC_BOT_DataIn    usbd_msc_bot.o
    0x08006b98   0x08006b98   0x00000040   Code   RO         8124    i.MSC_BOT_DataOut   usbd_msc_bot.o
    0x08006bd8   0x08006bd8   0x0000000e   Code   RO         8125    i.MSC_BOT_DeInit    usbd_msc_bot.o
    0x08006be6   0x08006be6   0x00000050   Code   RO         8126    i.MSC_BOT_Init      usbd_msc_bot.o
    0x08006c36   0x08006c36   0x0000003a   Code   RO         8127    i.MSC_BOT_Reset     usbd_msc_bot.o
    0x08006c70   0x08006c70   0x00000048   Code   RO         8128    i.MSC_BOT_SendCSW   usbd_msc_bot.o
    0x08006cb8   0x08006cb8   0x00000074   Code   RO         4711    i.MX_ADC1_Init      adc.o
    0x08006d2c   0x08006d2c   0x0000002c   Code   RO         4772    i.MX_DMA_Init       dma.o
    0x08006d58   0x08006d58   0x0000001c   Code   RO         8390    i.MX_FATFS_Init     fatfs.o
    0x08006d74   0x08006d74   0x00000110   Code   RO         4671    i.MX_GPIO_Init      gpio.o
    0x08006e84   0x08006e84   0x00000040   Code   RO         4801    i.MX_I2C1_Init      i2c.o
    0x08006ec4   0x08006ec4   0x00000048   Code   RO         4843    i.MX_SPI2_Init      spi.o
    0x08006f0c   0x08006f0c   0x00000098   Code   RO         4887    i.MX_TIM3_Init      tim.o
    0x08006fa4   0x08006fa4   0x00000068   Code   RO         4888    i.MX_TIM5_Init      tim.o
    0x0800700c   0x0800700c   0x00000044   Code   RO         4889    i.MX_TIM6_Init      tim.o
    0x08007050   0x08007050   0x00000048   Code   RO         4890    i.MX_TIM7_Init      tim.o
    0x08007098   0x08007098   0x00000044   Code   RO         4959    i.MX_USART1_UART_Init  usart.o
    0x080070dc   0x080070dc   0x00000054   Code   RO         8434    i.MX_USB_DEVICE_Init  usb_device.o
    0x08007130   0x08007130   0x00000002   Code   RO         5020    i.MemManage_Handler  stm32f4xx_it.o
    0x08007132   0x08007132   0x00000002   PAD
    0x08007134   0x08007134   0x00000088   Code   RO         6858    i.Mlx90640_Get_Frame  mlx90640.o
    0x080071bc   0x080071bc   0x0000012c   Code   RO         6859    i.Mlx90640_Init     mlx90640.o
    0x080072e8   0x080072e8   0x00000002   Code   RO         5021    i.NMI_Handler       stm32f4xx_it.o
    0x080072ea   0x080072ea   0x00000002   PAD
    0x080072ec   0x080072ec   0x0000000c   Code   RO         5022    i.OTG_FS_IRQHandler  stm32f4xx_it.o
    0x080072f8   0x080072f8   0x000000cc   Code   RO          201    i.PCD_EP_OutXfrComplete_int  stm32f4xx_hal_pcd.o
    0x080073c4   0x080073c4   0x000000a2   Code   RO          202    i.PCD_WriteEmptyTxFifo  stm32f4xx_hal_pcd.o
    0x08007466   0x08007466   0x00000002   Code   RO         5023    i.PendSV_Handler    stm32f4xx_it.o
    0x08007468   0x08007468   0x00000028   Code   RO         8221    i.SCSI_CheckAddressRange  usbd_msc_scsi.o
    0x08007490   0x08007490   0x00000074   Code   RO         8222    i.SCSI_Inquiry      usbd_msc_scsi.o
    0x08007504   0x08007504   0x00000170   Code   RO         8223    i.SCSI_ProcessCmd   usbd_msc_scsi.o
    0x08007674   0x08007674   0x0000008e   Code   RO         8224    i.SCSI_ProcessRead  usbd_msc_scsi.o
    0x08007702   0x08007702   0x00000098   Code   RO         8225    i.SCSI_ProcessWrite  usbd_msc_scsi.o
    0x0800779a   0x0800779a   0x000000a4   Code   RO         8226    i.SCSI_Read10       usbd_msc_scsi.o
    0x0800783e   0x0800783e   0x000000ae   Code   RO         8227    i.SCSI_Read12       usbd_msc_scsi.o
    0x080078ec   0x080078ec   0x00000074   Code   RO         8228    i.SCSI_ReadCapacity10  usbd_msc_scsi.o
    0x08007960   0x08007960   0x000000a8   Code   RO         8229    i.SCSI_ReadCapacity16  usbd_msc_scsi.o
    0x08007a08   0x08007a08   0x00000080   Code   RO         8230    i.SCSI_ReadFormatCapacity  usbd_msc_scsi.o
    0x08007a88   0x08007a88   0x0000007e   Code   RO         8231    i.SCSI_RequestSense  usbd_msc_scsi.o
    0x08007b06   0x08007b06   0x00000056   Code   RO         8232    i.SCSI_SenseCode    usbd_msc_scsi.o
    0x08007b5c   0x08007b5c   0x00000058   Code   RO         8233    i.SCSI_TestUnitReady  usbd_msc_scsi.o
    0x08007bb4   0x08007bb4   0x00000020   Code   RO         8234    i.SCSI_UpdateBotData  usbd_msc_scsi.o
    0x08007bd4   0x08007bd4   0x000000bc   Code   RO         8235    i.SCSI_Write10      usbd_msc_scsi.o
    0x08007c90   0x08007c90   0x000000d2   Code   RO         8236    i.SCSI_Write12      usbd_msc_scsi.o
    0x08007d62   0x08007d62   0x00000002   PAD
    0x08007d64   0x08007d64   0x00000020   Code   RO         5397    i.SPI2_ReadWriteByte  w25qxx.o
    0x08007d84   0x08007d84   0x00000058   Code   RO         2772    i.SPI_EndRxTxTransaction  stm32f4xx_hal_spi.o
    0x08007ddc   0x08007ddc   0x000000b8   Code   RO         2777    i.SPI_WaitFlagStateUntilTimeout  stm32f4xx_hal_spi.o
    0x08007e94   0x08007e94   0x0000000e   Code   RO         8551    i.STORAGE_GetCapacity_FS  usbd_storage_if.o
    0x08007ea2   0x08007ea2   0x00000004   Code   RO         8552    i.STORAGE_GetMaxLun_FS  usbd_storage_if.o
    0x08007ea6   0x08007ea6   0x0000000a   Code   RO         8553    i.STORAGE_Init_FS   usbd_storage_if.o
    0x08007eb0   0x08007eb0   0x0000000c   Code   RO         8554    i.STORAGE_IsReady_FS  usbd_storage_if.o
    0x08007ebc   0x08007ebc   0x00000004   Code   RO         8555    i.STORAGE_IsWriteProtected_FS  usbd_storage_if.o
    0x08007ec0   0x08007ec0   0x00000018   Code   RO         8556    i.STORAGE_Read_FS   usbd_storage_if.o
    0x08007ed8   0x08007ed8   0x00000018   Code   RO         8557    i.STORAGE_Write_FS  usbd_storage_if.o
    0x08007ef0   0x08007ef0   0x00000002   Code   RO         5024    i.SVC_Handler       stm32f4xx_it.o
    0x08007ef2   0x08007ef2   0x0000000a   Code   RO         7896    i.SWAPBYTE          usbd_ctlreq.o
    0x08007efc   0x08007efc   0x000001a0   Code   RO         5369    i.Screen_Cut_Pic    bmp.o
    0x0800809c   0x0800809c   0x00000004   Code   RO         5025    i.SysTick_Handler   stm32f4xx_it.o
    0x080080a0   0x080080a0   0x000000a0   Code   RO         4376    i.SystemClock_Config  main.o
    0x08008140   0x08008140   0x00000010   Code   RO            5    i.SystemInit        system_stm32f4xx.o
    0x08008150   0x08008150   0x0000000c   Code   RO         5026    i.TIM5_IRQHandler   stm32f4xx_it.o
    0x0800815c   0x0800815c   0x0000000c   Code   RO         5027    i.TIM6_DAC_IRQHandler  stm32f4xx_it.o
    0x08008168   0x08008168   0x0000000c   Code   RO         5028    i.TIM7_IRQHandler   stm32f4xx_it.o
    0x08008174   0x08008174   0x000000c8   Code   RO         3140    i.TIM_Base_SetConfig  stm32f4xx_hal_tim.o
    0x0800823c   0x0800823c   0x0000001a   Code   RO         3141    i.TIM_CCxChannelCmd  stm32f4xx_hal_tim.o
    0x08008256   0x08008256   0x00000014   Code   RO         3151    i.TIM_ETR_SetConfig  stm32f4xx_hal_tim.o
    0x0800826a   0x0800826a   0x00000010   Code   RO         3152    i.TIM_ITRx_SetConfig  stm32f4xx_hal_tim.o
    0x0800827a   0x0800827a   0x00000002   PAD
    0x0800827c   0x0800827c   0x00000060   Code   RO         3153    i.TIM_OC1_SetConfig  stm32f4xx_hal_tim.o
    0x080082dc   0x080082dc   0x0000006c   Code   RO         3154    i.TIM_OC2_SetConfig  stm32f4xx_hal_tim.o
    0x08008348   0x08008348   0x00000068   Code   RO         3155    i.TIM_OC3_SetConfig  stm32f4xx_hal_tim.o
    0x080083b0   0x080083b0   0x00000050   Code   RO         3156    i.TIM_OC4_SetConfig  stm32f4xx_hal_tim.o
    0x08008400   0x08008400   0x00000022   Code   RO         3158    i.TIM_TI1_ConfigInputStage  stm32f4xx_hal_tim.o
    0x08008422   0x08008422   0x00000024   Code   RO         3160    i.TIM_TI2_ConfigInputStage  stm32f4xx_hal_tim.o
    0x08008446   0x08008446   0x00000002   PAD
    0x08008448   0x08008448   0x00000048   Code   RO         6860    i.Temp_Change_Bit   mlx90640.o
    0x08008490   0x08008490   0x00000010   Code   RO         4060    i.UART_DMAAbortOnError  stm32f4xx_hal_uart.o
    0x080084a0   0x080084a0   0x0000004e   Code   RO         4070    i.UART_EndRxTransfer  stm32f4xx_hal_uart.o
    0x080084ee   0x080084ee   0x000000c0   Code   RO         4072    i.UART_Receive_IT   stm32f4xx_hal_uart.o
    0x080085ae   0x080085ae   0x00000002   PAD
    0x080085b0   0x080085b0   0x0000010c   Code   RO         4073    i.UART_SetConfig    stm32f4xx_hal_uart.o
    0x080086bc   0x080086bc   0x00000036   Code   RO         4075    i.UART_Start_Receive_IT  stm32f4xx_hal_uart.o
    0x080086f2   0x080086f2   0x00000078   Code   RO         4076    i.UART_WaitOnFlagUntilTimeout  stm32f4xx_hal_uart.o
    0x0800876a   0x0800876a   0x00000002   PAD
    0x0800876c   0x0800876c   0x0000000c   Code   RO         5029    i.USART1_IRQHandler  stm32f4xx_it.o
    0x08008778   0x08008778   0x00000010   Code   RO         7730    i.USBD_ClrClassConfig  usbd_core.o
    0x08008788   0x08008788   0x00000010   Code   RO         7969    i.USBD_CtlContinueRx  usbd_ioreq.o
    0x08008798   0x08008798   0x00000010   Code   RO         7970    i.USBD_CtlContinueSendData  usbd_ioreq.o
    0x080087a8   0x080087a8   0x00000016   Code   RO         7897    i.USBD_CtlError     usbd_ctlreq.o
    0x080087be   0x080087be   0x00000016   Code   RO         7972    i.USBD_CtlReceiveStatus  usbd_ioreq.o
    0x080087d4   0x080087d4   0x0000001a   Code   RO         7973    i.USBD_CtlSendData  usbd_ioreq.o
    0x080087ee   0x080087ee   0x00000016   Code   RO         7974    i.USBD_CtlSendStatus  usbd_ioreq.o
    0x08008804   0x08008804   0x00000020   Code   RO         8473    i.USBD_FS_ConfigStrDescriptor  usbd_desc.o
    0x08008824   0x08008824   0x0000000c   Code   RO         8474    i.USBD_FS_DeviceDescriptor  usbd_desc.o
    0x08008830   0x08008830   0x00000024   Code   RO         8475    i.USBD_FS_InterfaceStrDescriptor  usbd_desc.o
    0x08008854   0x08008854   0x0000000c   Code   RO         8476    i.USBD_FS_LangIDStrDescriptor  usbd_desc.o
    0x08008860   0x08008860   0x00000028   Code   RO         8477    i.USBD_FS_ManufacturerStrDescriptor  usbd_desc.o
    0x08008888   0x08008888   0x00000028   Code   RO         8478    i.USBD_FS_ProductStrDescriptor  usbd_desc.o
    0x080088b0   0x080088b0   0x00000038   Code   RO         8479    i.USBD_FS_SerialStrDescriptor  usbd_desc.o
    0x080088e8   0x080088e8   0x0000000c   Code   RO         8480    i.USBD_FS_USR_BOSDescriptor  usbd_desc.o
    0x080088f4   0x080088f4   0x000000fa   Code   RO         7898    i.USBD_GetDescriptor  usbd_ctlreq.o
    0x080089ee   0x080089ee   0x00000048   Code   RO         7899    i.USBD_GetString    usbd_ctlreq.o
    0x08008a36   0x08008a36   0x00000018   Code   RO         8626    i.USBD_Get_USB_Status  usbd_conf.o
    0x08008a4e   0x08008a4e   0x00000026   Code   RO         7732    i.USBD_Init         usbd_core.o
    0x08008a74   0x08008a74   0x00000012   Code   RO         8627    i.USBD_LL_ClearStallEP  usbd_conf.o
    0x08008a86   0x08008a86   0x00000012   Code   RO         8628    i.USBD_LL_CloseEP   usbd_conf.o
    0x08008a98   0x08008a98   0x000000a8   Code   RO         7733    i.USBD_LL_DataInStage  usbd_core.o
    0x08008b40   0x08008b40   0x0000006c   Code   RO         7734    i.USBD_LL_DataOutStage  usbd_core.o
    0x08008bac   0x08008bac   0x00000004   Code   RO         7735    i.USBD_LL_DevConnected  usbd_core.o
    0x08008bb0   0x08008bb0   0x00000018   Code   RO         7736    i.USBD_LL_DevDisconnected  usbd_core.o
    0x08008bc8   0x08008bc8   0x00000012   Code   RO         8631    i.USBD_LL_FlushEP   usbd_conf.o
    0x08008bda   0x08008bda   0x00000008   Code   RO         8632    i.USBD_LL_GetRxDataSize  usbd_conf.o
    0x08008be2   0x08008be2   0x00000002   PAD
    0x08008be4   0x08008be4   0x00000060   Code   RO         8633    i.USBD_LL_Init      usbd_conf.o
    0x08008c44   0x08008c44   0x00000020   Code   RO         8634    i.USBD_LL_IsStallEP  usbd_conf.o
    0x08008c64   0x08008c64   0x00000020   Code   RO         7737    i.USBD_LL_IsoINIncomplete  usbd_core.o
    0x08008c84   0x08008c84   0x00000020   Code   RO         7738    i.USBD_LL_IsoOUTIncomplete  usbd_core.o
    0x08008ca4   0x08008ca4   0x00000018   Code   RO         8635    i.USBD_LL_OpenEP    usbd_conf.o
    0x08008cbc   0x08008cbc   0x00000012   Code   RO         8636    i.USBD_LL_PrepareReceive  usbd_conf.o
    0x08008cce   0x08008cce   0x0000005a   Code   RO         7739    i.USBD_LL_Reset     usbd_core.o
    0x08008d28   0x08008d28   0x00000014   Code   RO         7740    i.USBD_LL_Resume    usbd_core.o
    0x08008d3c   0x08008d3c   0x00000020   Code   RO         7741    i.USBD_LL_SOF       usbd_core.o
    0x08008d5c   0x08008d5c   0x00000006   Code   RO         7742    i.USBD_LL_SetSpeed  usbd_core.o
    0x08008d62   0x08008d62   0x00000012   Code   RO         8637    i.USBD_LL_SetUSBAddress  usbd_conf.o
    0x08008d74   0x08008d74   0x00000060   Code   RO         7743    i.USBD_LL_SetupStage  usbd_core.o
    0x08008dd4   0x08008dd4   0x00000012   Code   RO         8638    i.USBD_LL_StallEP   usbd_conf.o
    0x08008de6   0x08008de6   0x00000012   Code   RO         8639    i.USBD_LL_Start     usbd_conf.o
    0x08008df8   0x08008df8   0x00000012   Code   RO         8640    i.USBD_LL_Stop      usbd_conf.o
    0x08008e0a   0x08008e0a   0x00000012   Code   RO         7744    i.USBD_LL_Suspend   usbd_core.o
    0x08008e1c   0x08008e1c   0x00000012   Code   RO         8641    i.USBD_LL_Transmit  usbd_conf.o
    0x08008e2e   0x08008e2e   0x0000000a   Code   RO         8029    i.USBD_MSC_DataIn   usbd_msc.o
    0x08008e38   0x08008e38   0x0000000a   Code   RO         8030    i.USBD_MSC_DataOut  usbd_msc.o
    0x08008e42   0x08008e42   0x00000036   Code   RO         8031    i.USBD_MSC_DeInit   usbd_msc.o
    0x08008e78   0x08008e78   0x0000000c   Code   RO         8032    i.USBD_MSC_GetDeviceQualifierDescriptor  usbd_msc.o
    0x08008e84   0x08008e84   0x0000000c   Code   RO         8033    i.USBD_MSC_GetFSCfgDesc  usbd_msc.o
    0x08008e90   0x08008e90   0x0000000c   Code   RO         8034    i.USBD_MSC_GetHSCfgDesc  usbd_msc.o
    0x08008e9c   0x08008e9c   0x0000000c   Code   RO         8035    i.USBD_MSC_GetOtherSpeedCfgDesc  usbd_msc.o
    0x08008ea8   0x08008ea8   0x00000062   Code   RO         8036    i.USBD_MSC_Init     usbd_msc.o
    0x08008f0a   0x08008f0a   0x0000000e   Code   RO         8037    i.USBD_MSC_RegisterStorage  usbd_msc.o
    0x08008f18   0x08008f18   0x000000d4   Code   RO         8038    i.USBD_MSC_Setup    usbd_msc.o
    0x08008fec   0x08008fec   0x0000002c   Code   RO         7900    i.USBD_ParseSetupRequest  usbd_ctlreq.o
    0x08009018   0x08009018   0x00000024   Code   RO         7745    i.USBD_RegisterClass  usbd_core.o
    0x0800903c   0x0800903c   0x00000014   Code   RO         7747    i.USBD_SetClassConfig  usbd_core.o
    0x08009050   0x08009050   0x000000bc   Code   RO         7901    i.USBD_SetConfig    usbd_ctlreq.o
    0x0800910c   0x0800910c   0x00000004   Code   RO         7748    i.USBD_Start        usbd_core.o
    0x08009110   0x08009110   0x00000114   Code   RO         7902    i.USBD_StdDevReq    usbd_ctlreq.o
    0x08009224   0x08009224   0x00000140   Code   RO         7903    i.USBD_StdEPReq     usbd_ctlreq.o
    0x08009364   0x08009364   0x00000052   Code   RO         7904    i.USBD_StdItfReq    usbd_ctlreq.o
    0x080093b6   0x080093b6   0x00000002   Code   RO         8642    i.USBD_static_free  usbd_conf.o
    0x080093b8   0x080093b8   0x00000008   Code   RO         8643    i.USBD_static_malloc  usbd_conf.o
    0x080093c0   0x080093c0   0x00000080   Code   RO          453    i.USB_ActivateEndpoint  stm32f4xx_ll_usb.o
    0x08009440   0x08009440   0x0000001c   Code   RO          455    i.USB_ActivateSetup  stm32f4xx_ll_usb.o
    0x0800945c   0x0800945c   0x00000074   Code   RO          457    i.USB_CoreInit      stm32f4xx_ll_usb.o
    0x080094d0   0x080094d0   0x00000040   Code   RO          458    i.USB_CoreReset     stm32f4xx_ll_usb.o
    0x08009510   0x08009510   0x000000cc   Code   RO          461    i.USB_DeactivateEndpoint  stm32f4xx_ll_usb.o
    0x080095dc   0x080095dc   0x0000001c   Code   RO          462    i.USB_DevConnect    stm32f4xx_ll_usb.o
    0x080095f8   0x080095f8   0x0000001c   Code   RO          463    i.USB_DevDisconnect  stm32f4xx_ll_usb.o
    0x08009614   0x08009614   0x00000170   Code   RO          464    i.USB_DevInit       stm32f4xx_ll_usb.o
    0x08009784   0x08009784   0x0000000c   Code   RO          465    i.USB_DisableGlobalInt  stm32f4xx_ll_usb.o
    0x08009790   0x08009790   0x00000118   Code   RO          468    i.USB_EP0StartXfer  stm32f4xx_ll_usb.o
    0x080098a8   0x080098a8   0x00000058   Code   RO          469    i.USB_EP0_OutStart  stm32f4xx_ll_usb.o
    0x08009900   0x08009900   0x00000058   Code   RO          470    i.USB_EPClearStall  stm32f4xx_ll_usb.o
    0x08009958   0x08009958   0x00000058   Code   RO          471    i.USB_EPSetStall    stm32f4xx_ll_usb.o
    0x080099b0   0x080099b0   0x000001e8   Code   RO          472    i.USB_EPStartXfer   stm32f4xx_ll_usb.o
    0x08009b98   0x08009b98   0x0000000c   Code   RO          473    i.USB_EnableGlobalInt  stm32f4xx_ll_usb.o
    0x08009ba4   0x08009ba4   0x00000028   Code   RO          474    i.USB_FlushRxFifo   stm32f4xx_ll_usb.o
    0x08009bcc   0x08009bcc   0x0000002c   Code   RO          475    i.USB_FlushTxFifo   stm32f4xx_ll_usb.o
    0x08009bf8   0x08009bf8   0x0000001a   Code   RO          477    i.USB_GetDevSpeed   stm32f4xx_ll_usb.o
    0x08009c12   0x08009c12   0x00000008   Code   RO          479    i.USB_GetMode       stm32f4xx_ll_usb.o
    0x08009c1a   0x08009c1a   0x0000000e   Code   RO          486    i.USB_ReadDevAllInEpInterrupt  stm32f4xx_ll_usb.o
    0x08009c28   0x08009c28   0x0000000e   Code   RO          487    i.USB_ReadDevAllOutEpInterrupt  stm32f4xx_ll_usb.o
    0x08009c36   0x08009c36   0x00000024   Code   RO          488    i.USB_ReadDevInEPInterrupt  stm32f4xx_ll_usb.o
    0x08009c5a   0x08009c5a   0x00000010   Code   RO          489    i.USB_ReadDevOutEPInterrupt  stm32f4xx_ll_usb.o
    0x08009c6a   0x08009c6a   0x00000008   Code   RO          490    i.USB_ReadInterrupts  stm32f4xx_ll_usb.o
    0x08009c72   0x08009c72   0x0000003e   Code   RO          491    i.USB_ReadPacket    stm32f4xx_ll_usb.o
    0x08009cb0   0x08009cb0   0x0000005c   Code   RO          493    i.USB_SetCurrentMode  stm32f4xx_ll_usb.o
    0x08009d0c   0x08009d0c   0x00000022   Code   RO          494    i.USB_SetDevAddress  stm32f4xx_ll_usb.o
    0x08009d2e   0x08009d2e   0x00000002   PAD
    0x08009d30   0x08009d30   0x000000e8   Code   RO          496    i.USB_SetTurnaroundTime  stm32f4xx_ll_usb.o
    0x08009e18   0x08009e18   0x00000028   Code   RO          499    i.USB_WritePacket   stm32f4xx_ll_usb.o
    0x08009e40   0x08009e40   0x00000020   Code   RO         8325    i.USER_initialize   user_diskio.o
    0x08009e60   0x08009e60   0x00000026   Code   RO         8326    i.USER_ioctl        user_diskio.o
    0x08009e86   0x08009e86   0x0000002c   Code   RO         8327    i.USER_read         user_diskio.o
    0x08009eb2   0x08009eb2   0x00000002   PAD
    0x08009eb4   0x08009eb4   0x00000014   Code   RO         8328    i.USER_status       user_diskio.o
    0x08009ec8   0x08009ec8   0x0000002c   Code   RO         8329    i.USER_write        user_diskio.o
    0x08009ef4   0x08009ef4   0x00000002   Code   RO         5030    i.UsageFault_Handler  stm32f4xx_it.o
    0x08009ef6   0x08009ef6   0x00000002   PAD
    0x08009ef8   0x08009ef8   0x0000007c   Code   RO         5586    i.VL53L0X_CheckAndLoadInterruptSettings  vl53l0x_api.o
    0x08009f74   0x08009f74   0x0000004c   Code   RO         5587    i.VL53L0X_ClearInterruptMask  vl53l0x_api.o
    0x08009fc0   0x08009fc0   0x00000198   Code   RO         5588    i.VL53L0X_DataInit  vl53l0x_api.o
    0x0800a158   0x0800a158   0x00000004   Code   RO         5592    i.VL53L0X_GetDeviceInfo  vl53l0x_api.o
    0x0800a15c   0x0800a15c   0x00000080   Code   RO         5594    i.VL53L0X_GetDeviceParameters  vl53l0x_api.o
    0x0800a1dc   0x0800a1dc   0x0000001a   Code   RO         5596    i.VL53L0X_GetFractionEnable  vl53l0x_api.o
    0x0800a1f6   0x0800a1f6   0x00000036   Code   RO         5600    i.VL53L0X_GetInterMeasurementPeriodMilliSeconds  vl53l0x_api.o
    0x0800a22c   0x0800a22c   0x00000022   Code   RO         5601    i.VL53L0X_GetInterruptMaskStatus  vl53l0x_api.o
    0x0800a24e   0x0800a24e   0x00000034   Code   RO         5602    i.VL53L0X_GetInterruptThresholds  vl53l0x_api.o
    0x0800a282   0x0800a282   0x00000018   Code   RO         5604    i.VL53L0X_GetLimitCheckEnable  vl53l0x_api.o
    0x0800a29a   0x0800a29a   0x00000002   PAD
    0x0800a29c   0x0800a29c   0x0000007a   Code   RO         5607    i.VL53L0X_GetLimitCheckValue  vl53l0x_api.o
    0x0800a316   0x0800a316   0x0000003a   Code   RO         5610    i.VL53L0X_GetMeasurementDataReady  vl53l0x_api.o
    0x0800a350   0x0800a350   0x00000004   Code   RO         5612    i.VL53L0X_GetMeasurementTimingBudgetMicroSeconds  vl53l0x_api.o
    0x0800a354   0x0800a354   0x00000004   Code   RO         5616    i.VL53L0X_GetOffsetCalibrationDataMicroMeter  vl53l0x_api.o
    0x0800a358   0x0800a358   0x0000012c   Code   RO         5624    i.VL53L0X_GetRangingMeasurementData  vl53l0x_api.o
    0x0800a484   0x0800a484   0x00000072   Code   RO         5628    i.VL53L0X_GetSequenceStepEnables  vl53l0x_api.o
    0x0800a4f6   0x0800a4f6   0x00000004   Code   RO         5637    i.VL53L0X_GetVcselPulsePeriod  vl53l0x_api.o
    0x0800a4fa   0x0800a4fa   0x0000002c   Code   RO         5639    i.VL53L0X_GetWrapAroundCheckEnable  vl53l0x_api.o
    0x0800a526   0x0800a526   0x0000000a   Code   RO         5640    i.VL53L0X_GetXTalkCompensationEnable  vl53l0x_api.o
    0x0800a530   0x0800a530   0x0000002c   Code   RO         5641    i.VL53L0X_GetXTalkCompensationRateMegaCps  vl53l0x_api.o
    0x0800a55c   0x0800a55c   0x00000006   Code   RO         5643    i.VL53L0X_PerformRefCalibration  vl53l0x_api.o
    0x0800a562   0x0800a562   0x00000004   Code   RO         5644    i.VL53L0X_PerformRefSpadManagement  vl53l0x_api.o
    0x0800a566   0x0800a566   0x00000022   Code   RO         5646    i.VL53L0X_PerformSingleMeasurement  vl53l0x_api.o
    0x0800a588   0x0800a588   0x00000034   Code   RO         5647    i.VL53L0X_PerformSingleRangingMeasurement  vl53l0x_api.o
    0x0800a5bc   0x0800a5bc   0x00000012   Code   RO         6775    i.VL53L0X_PollingDelay  vl53l0x_platform.o
    0x0800a5ce   0x0800a5ce   0x00000016   Code   RO         6776    i.VL53L0X_RdByte    vl53l0x_platform.o
    0x0800a5e4   0x0800a5e4   0x00000016   Code   RO         6777    i.VL53L0X_RdDWord   vl53l0x_platform.o
    0x0800a5fa   0x0800a5fa   0x00000016   Code   RO         6778    i.VL53L0X_RdWord    vl53l0x_platform.o
    0x0800a610   0x0800a610   0x0000001e   Code   RO         6779    i.VL53L0X_ReadMulti  vl53l0x_platform.o
    0x0800a62e   0x0800a62e   0x00000024   Code   RO         5652    i.VL53L0X_SetDeviceMode  vl53l0x_api.o
    0x0800a652   0x0800a652   0x00000138   Code   RO         5655    i.VL53L0X_SetGpioConfig  vl53l0x_api.o
    0x0800a78a   0x0800a78a   0x00000002   PAD
    0x0800a78c   0x0800a78c   0x00000082   Code   RO         5660    i.VL53L0X_SetLimitCheckEnable  vl53l0x_api.o
    0x0800a80e   0x0800a80e   0x00000050   Code   RO         5661    i.VL53L0X_SetLimitCheckValue  vl53l0x_api.o
    0x0800a85e   0x0800a85e   0x00000004   Code   RO         5663    i.VL53L0X_SetMeasurementTimingBudgetMicroSeconds  vl53l0x_api.o
    0x0800a862   0x0800a862   0x000000ae   Code   RO         5670    i.VL53L0X_SetSequenceStepEnable  vl53l0x_api.o
    0x0800a910   0x0800a910   0x00000004   Code   RO         5675    i.VL53L0X_SetVcselPulsePeriod  vl53l0x_api.o
    0x0800a914   0x0800a914   0x000000d4   Code   RO         5679    i.VL53L0X_StartMeasurement  vl53l0x_api.o
    0x0800a9e8   0x0800a9e8   0x00000174   Code   RO         5680    i.VL53L0X_StaticInit  vl53l0x_api.o
    0x0800ab5c   0x0800ab5c   0x00000042   Code   RO         6780    i.VL53L0X_UpdateByte  vl53l0x_platform.o
    0x0800ab9e   0x0800ab9e   0x00000016   Code   RO         6781    i.VL53L0X_WrByte    vl53l0x_platform.o
    0x0800abb4   0x0800abb4   0x00000016   Code   RO         6783    i.VL53L0X_WrWord    vl53l0x_platform.o
    0x0800abca   0x0800abca   0x0000001e   Code   RO         6784    i.VL53L0X_WriteMulti  vl53l0x_platform.o
    0x0800abe8   0x0800abe8   0x000000d8   Code   RO         6395    i.VL53L0X_calc_dmax  vl53l0x_api_core.o
    0x0800acc0   0x0800acc0   0x00000010   Code   RO         6396    i.VL53L0X_calc_macro_period_ps  vl53l0x_api_core.o
    0x0800acd0   0x0800acd0   0x00000228   Code   RO         6397    i.VL53L0X_calc_sigma_estimate  vl53l0x_api_core.o
    0x0800aef8   0x0800aef8   0x00000022   Code   RO         6398    i.VL53L0X_calc_timeout_mclks  vl53l0x_api_core.o
    0x0800af1a   0x0800af1a   0x00000022   Code   RO         6399    i.VL53L0X_calc_timeout_us  vl53l0x_api_core.o
    0x0800af3c   0x0800af3c   0x0000003c   Code   RO         6572    i.VL53L0X_check_part_used  vl53l0x_api_strings.o
    0x0800af78   0x0800af78   0x0000000c   Code   RO         6400    i.VL53L0X_decode_timeout  vl53l0x_api_core.o
    0x0800af84   0x0800af84   0x00000008   Code   RO         6401    i.VL53L0X_decode_vcsel_period  vl53l0x_api_core.o
    0x0800af8c   0x0800af8c   0x0000004a   Code   RO         6402    i.VL53L0X_device_read_strobe  vl53l0x_api_core.o
    0x0800afd6   0x0800afd6   0x0000001e   Code   RO         6403    i.VL53L0X_encode_timeout  vl53l0x_api_core.o
    0x0800aff4   0x0800aff4   0x0000000a   Code   RO         6404    i.VL53L0X_encode_vcsel_period  vl53l0x_api_core.o
    0x0800affe   0x0800affe   0x00000002   PAD
    0x0800b000   0x0800b000   0x000000b0   Code   RO         6574    i.VL53L0X_get_device_info  vl53l0x_api_strings.o
    0x0800b0b0   0x0800b0b0   0x00000528   Code   RO         6405    i.VL53L0X_get_info_from_device  vl53l0x_api_core.o
    0x0800b5d8   0x0800b5d8   0x000000c4   Code   RO         6406    i.VL53L0X_get_measurement_timing_budget_micro_seconds  vl53l0x_api_core.o
    0x0800b69c   0x0800b69c   0x00000034   Code   RO         6240    i.VL53L0X_get_offset_calibration_data_micro_meter  vl53l0x_api_calibration.o
    0x0800b6d0   0x0800b6d0   0x000001e6   Code   RO         6407    i.VL53L0X_get_pal_range_status  vl53l0x_api_core.o
    0x0800b8b6   0x0800b8b6   0x0000001c   Code   RO         6408    i.VL53L0X_get_total_signal_rate  vl53l0x_api_core.o
    0x0800b8d2   0x0800b8d2   0x0000002e   Code   RO         6409    i.VL53L0X_get_total_xtalk_rate  vl53l0x_api_core.o
    0x0800b900   0x0800b900   0x00000030   Code   RO         6410    i.VL53L0X_get_vcsel_pulse_period  vl53l0x_api_core.o
    0x0800b930   0x0800b930   0x00000044   Code   RO         6638    i.VL53L0X_i2c_init  vl53l0x_i2c.o
    0x0800b974   0x0800b974   0x0000002a   Code   RO         6411    i.VL53L0X_isqrt     vl53l0x_api_core.o
    0x0800b99e   0x0800b99e   0x00000002   PAD
    0x0800b9a0   0x0800b9a0   0x000000a4   Code   RO         6412    i.VL53L0X_load_tuning_settings  vl53l0x_api_core.o
    0x0800ba44   0x0800ba44   0x00000036   Code   RO         6413    i.VL53L0X_measurement_poll_for_completion  vl53l0x_api_core.o
    0x0800ba7a   0x0800ba7a   0x00000074   Code   RO         6244    i.VL53L0X_perform_phase_calibration  vl53l0x_api_calibration.o
    0x0800baee   0x0800baee   0x00000040   Code   RO         6245    i.VL53L0X_perform_ref_calibration  vl53l0x_api_calibration.o
    0x0800bb2e   0x0800bb2e   0x0000021e   Code   RO         6246    i.VL53L0X_perform_ref_spad_management  vl53l0x_api_calibration.o
    0x0800bd4c   0x0800bd4c   0x00000038   Code   RO         6247    i.VL53L0X_perform_single_ref_calibration  vl53l0x_api_calibration.o
    0x0800bd84   0x0800bd84   0x00000074   Code   RO         6248    i.VL53L0X_perform_vhv_calibration  vl53l0x_api_calibration.o
    0x0800bdf8   0x0800bdf8   0x00000006   Code   RO         6639    i.VL53L0X_read_byte  vl53l0x_i2c.o
    0x0800bdfe   0x0800bdfe   0x0000002c   Code   RO         6640    i.VL53L0X_read_dword  vl53l0x_i2c.o
    0x0800be2a   0x0800be2a   0x00000016   Code   RO         6641    i.VL53L0X_read_multi  vl53l0x_i2c.o
    0x0800be40   0x0800be40   0x0000001c   Code   RO         6642    i.VL53L0X_read_word  vl53l0x_i2c.o
    0x0800be5c   0x0800be5c   0x000000b2   Code   RO         6250    i.VL53L0X_ref_calibration_io  vl53l0x_api_calibration.o
    0x0800bf0e   0x0800bf0e   0x000000c2   Code   RO         6416    i.VL53L0X_set_measurement_timing_budget_micro_seconds  vl53l0x_api_core.o
    0x0800bfd0   0x0800bfd0   0x000000a6   Code   RO         6253    i.VL53L0X_set_reference_spads  vl53l0x_api_calibration.o
    0x0800c076   0x0800c076   0x00000220   Code   RO         6417    i.VL53L0X_set_vcsel_pulse_period  vl53l0x_api_core.o
    0x0800c296   0x0800c296   0x0000000c   Code   RO         6643    i.VL53L0X_write_byte  vl53l0x_i2c.o
    0x0800c2a2   0x0800c2a2   0x00000016   Code   RO         6645    i.VL53L0X_write_multi  vl53l0x_i2c.o
    0x0800c2b8   0x0800c2b8   0x00000032   Code   RO         6646    i.VL53L0X_write_word  vl53l0x_i2c.o
    0x0800c2ea   0x0800c2ea   0x00000002   PAD
    0x0800c2ec   0x0800c2ec   0x00000040   Code   RO         6647    i.VL_IIC_Ack        vl53l0x_i2c.o
    0x0800c32c   0x0800c32c   0x00000040   Code   RO         6648    i.VL_IIC_NAck       vl53l0x_i2c.o
    0x0800c36c   0x0800c36c   0x00000068   Code   RO         6650    i.VL_IIC_Read_Byte  vl53l0x_i2c.o
    0x0800c3d4   0x0800c3d4   0x00000064   Code   RO         6651    i.VL_IIC_Read_nByte  vl53l0x_i2c.o
    0x0800c438   0x0800c438   0x00000068   Code   RO         6652    i.VL_IIC_Send_Byte  vl53l0x_i2c.o
    0x0800c4a0   0x0800c4a0   0x00000040   Code   RO         6653    i.VL_IIC_Start      vl53l0x_i2c.o
    0x0800c4e0   0x0800c4e0   0x00000044   Code   RO         6654    i.VL_IIC_Stop       vl53l0x_i2c.o
    0x0800c524   0x0800c524   0x00000054   Code   RO         6655    i.VL_IIC_Wait_Ack   vl53l0x_i2c.o
    0x0800c578   0x0800c578   0x00000046   Code   RO         6657    i.VL_IIC_Write_nByte  vl53l0x_i2c.o
    0x0800c5be   0x0800c5be   0x00000002   PAD
    0x0800c5c0   0x0800c5c0   0x00000058   Code   RO         5399    i.W25QXX_Erase_Sector  w25qxx.o
    0x0800c618   0x0800c618   0x0000003c   Code   RO         5400    i.W25QXX_Init       w25qxx.o
    0x0800c654   0x0800c654   0x00000068   Code   RO         5402    i.W25QXX_Read       w25qxx.o
    0x0800c6bc   0x0800c6bc   0x00000044   Code   RO         5403    i.W25QXX_ReadID     w25qxx.o
    0x0800c700   0x0800c700   0x00000038   Code   RO         5404    i.W25QXX_ReadSR     w25qxx.o
    0x0800c738   0x0800c738   0x0000000e   Code   RO         5406    i.W25QXX_Wait_Busy  w25qxx.o
    0x0800c746   0x0800c746   0x00000002   PAD
    0x0800c748   0x0800c748   0x0000009c   Code   RO         5407    i.W25QXX_Write      w25qxx.o
    0x0800c7e4   0x0800c7e4   0x00000020   Code   RO         5409    i.W25QXX_Write_Enable  w25qxx.o
    0x0800c804   0x0800c804   0x0000003e   Code   RO         5410    i.W25QXX_Write_NoCheck  w25qxx.o
    0x0800c842   0x0800c842   0x00000002   PAD
    0x0800c844   0x0800c844   0x0000006c   Code   RO         5411    i.W25QXX_Write_Page  w25qxx.o
    0x0800c8b0   0x0800c8b0   0x00000020   Code   RO         9019    i.__0printf$1       mc_w.l(printf1.o)
    0x0800c8d0   0x0800c8d0   0x00000030   Code   RO         9269    i.__ARM_fpclassify  m_wm.l(fpclassify.o)
    0x0800c900   0x0800c900   0x00000020   Code   RO         1608    i.__NVIC_SetPriority  stm32f4xx_hal_cortex.o
    0x0800c920   0x0800c920   0x00000c50   Code   RO         8933    i.__hardfp_pow      m_wm.l(pow.o)
    0x0800d570   0x0800d570   0x0000007a   Code   RO         8947    i.__hardfp_sqrt     m_wm.l(sqrt.o)
    0x0800d5ea   0x0800d5ea   0x000000f8   Code   RO         9271    i.__kernel_poly     m_wm.l(poly.o)
    0x0800d6e2   0x0800d6e2   0x00000006   PAD
    0x0800d6e8   0x0800d6e8   0x00000030   Code   RO         9249    i.__mathlib_dbl_divzero  m_wm.l(dunder.o)
    0x0800d718   0x0800d718   0x00000014   Code   RO         9251    i.__mathlib_dbl_infnan2  m_wm.l(dunder.o)
    0x0800d72c   0x0800d72c   0x00000004   PAD
    0x0800d730   0x0800d730   0x00000020   Code   RO         9252    i.__mathlib_dbl_invalid  m_wm.l(dunder.o)
    0x0800d750   0x0800d750   0x00000020   Code   RO         9253    i.__mathlib_dbl_overflow  m_wm.l(dunder.o)
    0x0800d770   0x0800d770   0x00000020   Code   RO         9255    i.__mathlib_dbl_underflow  m_wm.l(dunder.o)
    0x0800d790   0x0800d790   0x0000000e   Code   RO         9327    i.__scatterload_copy  mc_w.l(handlers.o)
    0x0800d79e   0x0800d79e   0x00000002   Code   RO         9328    i.__scatterload_null  mc_w.l(handlers.o)
    0x0800d7a0   0x0800d7a0   0x0000000e   Code   RO         9329    i.__scatterload_zeroinit  mc_w.l(handlers.o)
    0x0800d7ae   0x0800d7ae   0x00000002   PAD
    0x0800d7b0   0x0800d7b0   0x0000000c   Code   RO         9301    i.__set_errno       mc_w.l(errno.o)
    0x0800d7bc   0x0800d7bc   0x00000154   Code   RO         9026    i._printf_core      mc_w.l(printf1.o)
    0x0800d910   0x0800d910   0x00000070   Code   RO         7324    i.check_fs          ff.o
    0x0800d980   0x0800d980   0x0000005c   Code   RO         7325    i.chk_lock          ff.o
    0x0800d9dc   0x0800d9dc   0x00000020   Code   RO         7326    i.clear_lock        ff.o
    0x0800d9fc   0x0800d9fc   0x00000024   Code   RO         7327    i.clmt_clust        ff.o
    0x0800da20   0x0800da20   0x00000018   Code   RO         7328    i.clust2sect        ff.o
    0x0800da38   0x0800da38   0x000000a4   Code   RO         7329    i.create_chain      ff.o
    0x0800dadc   0x0800dadc   0x000000dc   Code   RO         7330    i.create_name       ff.o
    0x0800dbb8   0x0800dbb8   0x00000034   Code   RO         7331    i.dec_lock          ff.o
    0x0800dbec   0x0800dbec   0x00000064   Code   RO         7332    i.dir_find          ff.o
    0x0800dc50   0x0800dc50   0x000000f4   Code   RO         7333    i.dir_next          ff.o
    0x0800dd44   0x0800dd44   0x00000066   Code   RO         7335    i.dir_register      ff.o
    0x0800ddaa   0x0800ddaa   0x00000082   Code   RO         7337    i.dir_sdi           ff.o
    0x0800de2c   0x0800de2c   0x00000028   Code   RO         7254    i.disk_initialize   diskio.o
    0x0800de54   0x0800de54   0x0000001c   Code   RO         7255    i.disk_ioctl        diskio.o
    0x0800de70   0x0800de70   0x0000001c   Code   RO         7256    i.disk_read         diskio.o
    0x0800de8c   0x0800de8c   0x00000018   Code   RO         7257    i.disk_status       diskio.o
    0x0800dea4   0x0800dea4   0x0000001c   Code   RO         7258    i.disk_write        diskio.o
    0x0800dec0   0x0800dec0   0x00000094   Code   RO         6255    i.enable_ref_spads  vl53l0x_api_calibration.o
    0x0800df54   0x0800df54   0x0000002a   Code   RO         6256    i.enable_spad_bit   vl53l0x_api_calibration.o
    0x0800df7e   0x0800df7e   0x00000028   Code   RO         7338    i.f_close           ff.o
    0x0800dfa6   0x0800dfa6   0x00000002   PAD
    0x0800dfa8   0x0800dfa8   0x00000058   Code   RO         7345    i.f_mount           ff.o
    0x0800e000   0x0800e000   0x0000020c   Code   RO         7346    i.f_open            ff.o
    0x0800e20c   0x0800e20c   0x0000008e   Code   RO         7355    i.f_sync            ff.o
    0x0800e29a   0x0800e29a   0x0000018e   Code   RO         7358    i.f_write           ff.o
    0x0800e428   0x0800e428   0x00000018   Code   RO         9265    i.fabs              m_wm.l(fabs.o)
    0x0800e440   0x0800e440   0x00000254   Code   RO         7359    i.find_volume       ff.o
    0x0800e694   0x0800e694   0x00000074   Code   RO         7360    i.follow_path       ff.o
    0x0800e708   0x0800e708   0x00000018   Code   RO         4960    i.fputc             usart.o
    0x0800e720   0x0800e720   0x000000bc   Code   RO         7361    i.get_fat           ff.o
    0x0800e7dc   0x0800e7dc   0x00000004   Code   RO         8391    i.get_fattime       fatfs.o
    0x0800e7e0   0x0800e7e0   0x0000003c   Code   RO         7363    i.get_ldnumber      ff.o
    0x0800e81c   0x0800e81c   0x0000005c   Code   RO         6257    i.get_next_good_spad  vl53l0x_api_calibration.o
    0x0800e878   0x0800e878   0x0000000a   Code   RO         6258    i.get_ref_spad_map  vl53l0x_api_calibration.o
    0x0800e882   0x0800e882   0x000000f2   Code   RO         6418    i.get_sequence_step_timeout  vl53l0x_api_core.o
    0x0800e974   0x0800e974   0x00000080   Code   RO         7364    i.inc_lock          ff.o
    0x0800e9f4   0x0800e9f4   0x00000018   Code   RO         6259    i.is_aperture       vl53l0x_api_calibration.o
    0x0800ea0c   0x0800ea0c   0x00000026   Code   RO         7365    i.ld_clust          ff.o
    0x0800ea32   0x0800ea32   0x00000016   Code   RO         7366    i.ld_dword          ff.o
    0x0800ea48   0x0800ea48   0x0000000a   Code   RO         7367    i.ld_word           ff.o
    0x0800ea52   0x0800ea52   0x00000002   PAD
    0x0800ea54   0x0800ea54   0x0000045c   Code   RO         4377    i.main              main.o
    0x0800eeb0   0x0800eeb0   0x00000012   Code   RO         7368    i.mem_cpy           ff.o
    0x0800eec2   0x0800eec2   0x00000002   PAD
    0x0800eec4   0x0800eec4   0x0000000e   Code   RO         7369    i.mem_set           ff.o
    0x0800eed2   0x0800eed2   0x00000032   Code   RO         7370    i.move_window       ff.o
    0x0800ef04   0x0800ef04   0x00000064   Code   RO         6260    i.perform_ref_signal_measurement  vl53l0x_api_calibration.o
    0x0800ef68   0x0800ef68   0x000000ea   Code   RO         7371    i.put_fat           ff.o
    0x0800f052   0x0800f052   0x00000074   Code   RO         7374    i.remove_chain      ff.o
    0x0800f0c6   0x0800f0c6   0x00000038   Code   RO         5684    i.sequence_step_enabled  vl53l0x_api.o
    0x0800f0fe   0x0800f0fe   0x0000000a   Code   RO         6261    i.set_ref_spad_map  vl53l0x_api_calibration.o
    0x0800f108   0x0800f108   0x00000102   Code   RO         6419    i.set_sequence_step_timeout  vl53l0x_api_core.o
    0x0800f20a   0x0800f20a   0x0000006e   Code   RO         8949    i.sqrt              m_wm.l(sqrt.o)
    0x0800f278   0x0800f278   0x00000028   Code   RO         7375    i.st_clust          ff.o
    0x0800f2a0   0x0800f2a0   0x00000010   Code   RO         7376    i.st_dword          ff.o
    0x0800f2b0   0x0800f2b0   0x00000008   Code   RO         7377    i.st_word           ff.o
    0x0800f2b8   0x0800f2b8   0x00000088   Code   RO         7378    i.sync_fs           ff.o
    0x0800f340   0x0800f340   0x00000052   Code   RO         7379    i.sync_window       ff.o
    0x0800f392   0x0800f392   0x00000034   Code   RO         7380    i.validate          ff.o
    0x0800f3c6   0x0800f3c6   0x00000002   PAD
    0x0800f3c8   0x0800f3c8   0x00000030   Code   RO         5553    i.vl53l0x_general_start  vl53l0x_gen.o
    0x0800f3f8   0x0800f3f8   0x000000b8   Code   RO         5516    i.vl53l0x_init      vl53l0x.o
    0x0800f4b0   0x0800f4b0   0x0000011c   Code   RO         5554    i.vl53l0x_set_mode  vl53l0x_gen.o
    0x0800f5cc   0x0800f5cc   0x00000010   Data   RO            6    .constdata          system_stm32f4xx.o
    0x0800f5dc   0x0800f5dc   0x00000008   Data   RO            7    .constdata          system_stm32f4xx.o
    0x0800f5e4   0x0800f5e4   0x00000008   Data   RO         1307    .constdata          stm32f4xx_hal_dma.o
    0x0800f5ec   0x0800f5ec   0x00002710   Data   RO         4382    .constdata          main.o
    0x08011cfc   0x08011cfc   0x00001e0c   Data   RO         5179    .constdata          lcd.o
    0x08013b08   0x08013b08   0x00000018   Data   RO         5371    .constdata          bmp.o
    0x08013b20   0x08013b20   0x00000200   Data   RO         6862    .constdata          mlx90640.o
    0x08013d20   0x08013d20   0x00000024   Data   RO         8558    .constdata          usbd_storage_if.o
    0x08013d44   0x08013d44   0x00000004   PAD
    0x08013d48   0x08013d48   0x00000088   Data   RO         8936    .constdata          m_wm.l(pow.o)
    0x08013dd0   0x08013dd0   0x00000008   Data   RO         9273    .constdata          m_wm.l(qnan.o)
    0x08013dd8   0x08013dd8   0x00000020   Data   RO         9325    Region$$Table       anon$$obj.o


    Execution Region RW_IRAM1 (Exec base: 0x20000000, Load base: 0x08013df8, Size: 0x0000bdb8, Max: 0x00020000, ABSOLUTE, COMPRESSED[0x0000039c])

    Exec Addr    Load Addr    Size         Type   Attr      Idx    E Section Name        Object

    0x20000000   COMPRESSED   0x00000004   Data   RW            8    .data               system_stm32f4xx.o
    0x20000004   COMPRESSED   0x0000000c   Data   RW         1752    .data               stm32f4xx_hal.o
    0x20000010   COMPRESSED   0x00000003   Data   RW         4385    .data               main.o
    0x20000013   COMPRESSED   0x00000001   PAD
    0x20000014   COMPRESSED   0x00000002   Data   RW         4713    .data               adc.o
    0x20000016   COMPRESSED   0x00000002   PAD
    0x20000018   COMPRESSED   0x00000004   Data   RW         4714    .data               adc.o
    0x2000001c   COMPRESSED   0x00000002   Data   RW         4715    .data               adc.o
    0x2000001e   COMPRESSED   0x00000002   PAD
    0x20000020   COMPRESSED   0x0000000c   Data   RW         4892    .data               tim.o
    0x2000002c   COMPRESSED   0x00000001   Data   RW         4962    .data               usart.o
    0x2000002d   COMPRESSED   0x00000001   PAD
    0x2000002e   COMPRESSED   0x00000002   Data   RW         5414    .data               w25qxx.o
    0x20000030   COMPRESSED   0x00000038   Data   RW         5518    .data               vl53l0x.o
    0x20000068   COMPRESSED   0x00000004   Data   RW         5519    .data               vl53l0x.o
    0x2000006c   COMPRESSED   0x000002a9   Data   RW         5685    .data               vl53l0x_api.o
    0x20000315   COMPRESSED   0x00000003   PAD
    0x20000318   COMPRESSED   0x00000010   Data   RW         6262    .data               vl53l0x_api_calibration.o
    0x20000328   COMPRESSED   0x00000020   Data   RW         6863    .data               mlx90640.o
    0x20000348   COMPRESSED   0x00000002   Data   RW         7175    .data               mlx90640_swi2c_driver.o
    0x2000034a   COMPRESSED   0x00000002   PAD
    0x2000034c   COMPRESSED   0x00000008   Data   RW         7383    .data               ff.o
    0x20000354   COMPRESSED   0x00000001   Data   RW         7905    .data               usbd_ctlreq.o
    0x20000355   COMPRESSED   0x00000003   PAD
    0x20000358   COMPRESSED   0x00000038   Data   RW         8039    .data               usbd_msc.o
    0x20000390   COMPRESSED   0x0000006a   Data   RW         8040    .data               usbd_msc.o
    0x200003fa   COMPRESSED   0x00000006   Data   RW         8194    .data               usbd_msc_data.o
    0x20000400   COMPRESSED   0x00000008   Data   RW         8195    .data               usbd_msc_data.o
    0x20000408   COMPRESSED   0x00000017   Data   RW         8196    .data               usbd_msc_data.o
    0x2000041f   COMPRESSED   0x0000001b   Data   RW         8197    .data               usbd_msc_data.o
    0x2000043a   COMPRESSED   0x00000001   Data   RW         8330    .data               user_diskio.o
    0x2000043b   COMPRESSED   0x00000001   PAD
    0x2000043c   COMPRESSED   0x00000014   Data   RW         8331    .data               user_diskio.o
    0x20000450   COMPRESSED   0x00000005   Data   RW         8395    .data               fatfs.o
    0x20000455   COMPRESSED   0x00000003   PAD
    0x20000458   COMPRESSED   0x00000020   Data   RW         8482    .data               usbd_desc.o
    0x20000478   COMPRESSED   0x0000003e   Data   RW         8483    .data               usbd_desc.o
    0x200004b6   COMPRESSED   0x00000002   PAD
    0x200004b8   COMPRESSED   0x00000020   Data   RW         8559    .data               usbd_storage_if.o
    0x200004d8   COMPRESSED   0x00000028   Data   RW         8878    .data               filter.o
    0x20000500   COMPRESSED   0x00000004   Data   RW         9290    .data               mc_w.l(stdout.o)
    0x20000504   COMPRESSED   0x00000004   Data   RW         9302    .data               mc_w.l(errno.o)
    0x20000508        -       0x00001030   Zero   RW         4379    .bss                main.o
    0x20001538        -       0x000000a8   Zero   RW         4712    .bss                adc.o
    0x200015e0        -       0x00000054   Zero   RW         4802    .bss                i2c.o
    0x20001634        -       0x00000058   Zero   RW         4844    .bss                spi.o
    0x2000168c        -       0x00000120   Zero   RW         4891    .bss                tim.o
    0x200017ac        -       0x00000044   Zero   RW         4961    .bss                usart.o
    0x200017f0        -       0x00000500   Zero   RW         5370    .bss                bmp.o
    0x20001cf0        -       0x00001000   Zero   RW         5413    .bss                w25qxx.o
    0x20002cf0        -       0x000001c3   Zero   RW         5517    .bss                vl53l0x.o
    0x20002eb3   COMPRESSED   0x00000001   PAD
    0x20002eb4        -       0x0000001c   Zero   RW         5555    .bss                vl53l0x_gen.o
    0x20002ed0        -       0x00005626   Zero   RW         6861    .bss                mlx90640.o
    0x200084f6   COMPRESSED   0x00000002   PAD
    0x200084f8        -       0x00000020   Zero   RW         7381    .bss                ff.o
    0x20008518        -       0x0000000c   Zero   RW         7660    .bss                ff_gen_drv.o
    0x20008524        -       0x000002d0   Zero   RW         8435    .bss                usb_device.o
    0x200087f4        -       0x00001000   Zero   RW         8481    .bss                usbd_desc.o
    0x200097f4        -       0x00001480   Zero   RW         8644    .bss                usbd_conf.o
    0x2000ac74        -       0x00000028   Zero   RW         8830    .bss                feature.o
    0x2000ac9c        -       0x00000118   Zero   RW         8877    .bss                filter.o
    0x2000adb4   COMPRESSED   0x00000004   PAD
    0x2000adb8        -       0x00001000   Zero   RW          158    STACK               startup_stm32f446xx.o


==============================================================================

Image component sizes


      Code (inc. data)   RO Data    RW Data    ZI Data      Debug   Object Name

       778         50          0          8        168       4070   adc.o
       416         26         24          0       1280       1844   bmp.o
       148         22          0          0          0       8093   diskio.o
        44          4          0          0          0        778   dma.o
        32         10          0          5          0       1724   fatfs.o
       120          4          0          0         40       3420   feature.o
      4424         76          0          8         32      34168   ff.o
       128         10          0          0         12       2971   ff_gen_drv.o
       256          8          0         40        280       3747   filter.o
       284         24          0          0          0       1532   gpio.o
       168         26          0          0         84       1685   i2c.o
      2882         58       7692          0          0      19993   lcd.o
       692         32          0          0          0       6232   lcd_init.o
      1280        346      10000          3       4144     732040   main.o
      1532        280        512         32      22054       7993   mlx90640.o
      4932        284          0          0          0      24860   mlx90640_api.o
       912         56          0          2          0      10205   mlx90640_swi2c_driver.o
       180         24          0          0         88       1697   spi.o
        36          8        452          0       4096        836   startup_stm32f446xx.o
       180         28          0         12          0       9281   stm32f4xx_hal.o
      1224         72          0          0          0       7473   stm32f4xx_hal_adc.o
       198         14          0          0          0      33959   stm32f4xx_hal_cortex.o
      1084         16          8          0          0       7366   stm32f4xx_hal_dma.o
       520         46          0          0          0       3482   stm32f4xx_hal_gpio.o
       392         16          0          0          0       3119   stm32f4xx_hal_i2c.o
        48          6          0          0          0        858   stm32f4xx_hal_msp.o
      2506         14          0          0          0      14339   stm32f4xx_hal_pcd.o
       116          6          0          0          0       2484   stm32f4xx_hal_pcd_ex.o
       112         14          0          0          0       1292   stm32f4xx_hal_pwr_ex.o
       384         50          0          0          0       3386   stm32f4xx_hal_rcc.o
      2140         68          0          0          0       4594   stm32f4xx_hal_rcc_ex.o
       942         12          0          0          0       4921   stm32f4xx_hal_spi.o
      2020        136          0          0          0      16958   stm32f4xx_hal_tim.o
       148         28          0          0          0       2465   stm32f4xx_hal_tim_ex.o
      1668         16          0          0          0      11372   stm32f4xx_hal_uart.o
       100         36          0          0          0       7489   stm32f4xx_it.o
      2686        132          0          0          0      23154   stm32f4xx_ll_usb.o
       100          8          0          0          0       1169   system.o
        16          4         24          4          0     749511   system_stm32f4xx.o
       736         94          0         12        288       5464   tim.o
       312         60          0          1         68      33426   usart.o
        84         18          0          0        720        812   usb_device.o
       820         26          0          0       5248      18886   usbd_conf.o
       744          0          0          0          0      18029   usbd_core.o
      1264         22          0          1          0      14372   usbd_ctlreq.o
       296        104          0         94       4096       6825   usbd_desc.o
       102          0          0          0          0       3828   usbd_ioreq.o
       446         16          0        162          0      12690   usbd_msc.o
       688         12          0          0          0       9064   usbd_msc_bot.o
         0          0          0         64          0        937   usbd_msc_data.o
      2298         18          0          0          0      17199   usbd_msc_scsi.o
        92          0         36         32          0       4775   usbd_storage_if.o
       178         18          0         21          0       4052   user_diskio.o
       196         38          0         60        451       2946   vl53l0x.o
      3110         62          0        681          0      47400   vl53l0x_api.o
      1716          4          0         16          0      16837   vl53l0x_api_calibration.o
      4608         16          0          0          0      27953   vl53l0x_api_core.o
       236         68          0          0          0       2556   vl53l0x_api_strings.o
       332         30          0          0         28       1862   vl53l0x_gen.o
       974         70          0          0          0      12952   vl53l0x_i2c.o
       254          0          0          0          0       7271   vl53l0x_platform.o
       780         58          0          2       4096       8276   w25qxx.o

    ----------------------------------------------------------------------
     56186       2804      18784       1280      47280    2054972   Object Totals
         0          0         32          0          0          0   (incl. Generated)
        92          0          4         20          7          0   (incl. Padding)

    ----------------------------------------------------------------------

      Code (inc. data)   RO Data    RW Data    ZI Data      Debug   Library Member Name

       164         44          0          0          0        620   dunder.o
        24          0          0          0          0        124   fabs.o
        48          0          0          0          0        124   fpclassify.o
       248          0          0          0          0        152   poly.o
      3152        296        136          0          0        352   pow.o
         0          0          8          0          0          0   qnan.o
       232          0          0          0          0        296   sqrt.o
        86          0          0          0          0          0   __dczerorl2.o
         0          0          0          0          0          0   entry.o
         0          0          0          0          0          0   entry10a.o
         0          0          0          0          0          0   entry11a.o
         4          0          0          0          0          0   entry12b.o
         8          4          0          0          0          0   entry2.o
         4          0          0          0          0          0   entry5.o
         0          0          0          0          0          0   entry7b.o
         0          0          0          0          0          0   entry8b.o
         8          4          0          0          0          0   entry9a.o
        12          6          0          4          0         68   errno.o
        30          0          0          0          0          0   handlers.o
        36          8          0          0          0         68   init.o
         0          0          0          0          0          0   iusefp.o
        30          0          0          0          0         68   llshl.o
        36          0          0          0          0         68   llsshr.o
        32          0          0          0          0         68   llushr.o
        36          0          0          0          0         68   memcpya.o
        36          0          0          0          0        108   memseta.o
       372         14          0          0          0        184   printf1.o
         0          0          0          4          0          0   stdout.o
        24          0          0          0          0         68   strcat.o
        18          0          0          0          0         68   strcpy.o
        44          0          0          0          0         80   uidiv.o
        98          0          0          0          0         92   uldiv.o
        48          0          0          0          0         68   cdrcmple.o
        56          0          0          0          0         88   d2f.o
       334          0          0          0          0        148   dadd.o
       222          0          0          0          0        100   ddiv.o
       186          0          0          0          0        176   depilogue.o
        34          0          0          0          0         76   dflti.o
        26          0          0          0          0         76   dfltui.o
       228          0          0          0          0         96   dmul.o
        46          0          0          0          0         80   dscalb.o
       162          0          0          0          0        100   dsqrt.o
        38          0          0          0          0         68   f2d.o
       110          0          0          0          0        168   fepilogue.o

    ----------------------------------------------------------------------
      6286        376        144          8          0       3920   Library Totals
        14          0          0          0          0          0   (incl. Padding)

    ----------------------------------------------------------------------

      Code (inc. data)   RO Data    RW Data    ZI Data      Debug   Library Name

      3868        340        144          0          0       1668   m_wm.l
       914         36          0          8          0       1008   mc_w.l
      1490          0          0          0          0       1244   mf_w.l

    ----------------------------------------------------------------------
      6286        376        144          8          0       3920   Library Totals

    ----------------------------------------------------------------------

==============================================================================


      Code (inc. data)   RO Data    RW Data    ZI Data      Debug   

     62472       3180      18928       1288      47280    2005432   Grand Totals
     62472       3180      18928        924      47280    2005432   ELF Image Totals (compressed)
     62472       3180      18928        924          0          0   ROM Totals

==============================================================================

    Total RO  Size (Code + RO Data)                81400 (  79.49kB)
    Total RW  Size (RW Data + ZI Data)             48568 (  47.43kB)
    Total ROM Size (Code + RO Data + RW Data)      82324 (  80.39kB)

==============================================================================

