<html>
<body>
<pre>
<h1>µVision Build Log</h1>
<h2>Tool Versions:</h2>
IDE-Version: ¶ÃVision V5.39.0.0
Copyright (C) 2023 ARM Ltd and ARM Germany GmbH. All rights reserved.
License Information: Unk Unk, Unk, LIC=ZB4EI-T5F9T-NNGAF-6RTE8-ZYPSS-EKVYS
 
Tool Versions:
Toolchain:       MDK-ARM Plus  Version: 5.39.0.0
Toolchain Path:  D:\Keil_v5\ARM\ARMCC\Bin
C Compiler:      Armcc.exe V5.06 update 7 (build 960)
Assembler:       Armasm.exe V5.06 update 7 (build 960)
Linker/Locator:  ArmLink.exe V5.06 update 7 (build 960)
Library Manager: ArmAr.exe V5.06 update 7 (build 960)
Hex Converter:   FromElf.exe V5.06 update 7 (build 960)
CPU DLL:         SARMCM3.DLL V5.39.0.0
Dialog DLL:      DCM.DLL V1.17.5.0
Target DLL:      UL2CM3.DLL V1.164.9.0
Dialog DLL:      TCM.DLL V1.56.4.0
 
<h2>Project:</h2>
E:\Desktop\∫ÏÕ‚»»≥…œÒ“«\IAP-Bootloader\MDK_ARM\IAP.uvprojx
Project File Date:  01/09/2025

<h2>Output:</h2>
*** Using Compiler 'V5.06 update 7 (build 960)', folder: 'D:\Keil_v5\ARM\ARMCC\Bin'
Rebuild target 'IAP'
creating preprocessor file for core_cm3.c...
assembling startup_stm32f10x_md.s...
creating preprocessor file for misc.c...
creating preprocessor file for stm32f10x_cec.c...
creating preprocessor file for stm32f10x_can.c...
creating preprocessor file for stm32f10x_adc.c...
creating preprocessor file for stm32f10x_bkp.c...
creating preprocessor file for stm32f10x_crc.c...
creating preprocessor file for system_stm32f10x.c...
compiling core_cm3.c...
compiling stm32f10x_bkp.c...
compiling stm32f10x_adc.c...
compiling stm32f10x_cec.c...
compiling system_stm32f10x.c...
compiling misc.c...
creating preprocessor file for stm32f10x_dac.c...
compiling stm32f10x_can.c...
creating preprocessor file for stm32f10x_dbgmcu.c...
compiling stm32f10x_crc.c...
creating preprocessor file for stm32f10x_dma.c...
creating preprocessor file for stm32f10x_exti.c...
compiling stm32f10x_dac.c...
compiling stm32f10x_dbgmcu.c...
creating preprocessor file for stm32f10x_flash.c...
compiling stm32f10x_dma.c...
creating preprocessor file for stm32f10x_fsmc.c...
creating preprocessor file for stm32f10x_gpio.c...
compiling stm32f10x_exti.c...
creating preprocessor file for stm32f10x_i2c.c...
creating preprocessor file for stm32f10x_iwdg.c...
compiling stm32f10x_flash.c...
compiling stm32f10x_fsmc.c...
compiling stm32f10x_gpio.c...
creating preprocessor file for stm32f10x_pwr.c...
creating preprocessor file for stm32f10x_rcc.c...
compiling stm32f10x_i2c.c...
compiling stm32f10x_iwdg.c...
creating preprocessor file for stm32f10x_rtc.c...
compiling stm32f10x_pwr.c...
creating preprocessor file for stm32f10x_sdio.c...
creating preprocessor file for stm32f10x_spi.c...
creating preprocessor file for stm32f10x_tim.c...
compiling stm32f10x_rtc.c...
compiling stm32f10x_rcc.c...
creating preprocessor file for stm32f10x_usart.c...
compiling stm32f10x_sdio.c...
creating preprocessor file for stm32f10x_wwdg.c...
compiling stm32f10x_spi.c...
creating preprocessor file for can.c...
creating preprocessor file for key.c...
compiling stm32f10x_usart.c...
compiling stm32f10x_tim.c...
compiling stm32f10x_wwdg.c...
creating preprocessor file for lcd.c...
compiling can.c...
creating preprocessor file for led.c...
compiling key.c...
creating preprocessor file for stmflash.c...
creating preprocessor file for timer.c...
compiling led.c...
creating preprocessor file for delay.c...
compiling stmflash.c...
creating preprocessor file for sys.c...
compiling timer.c...
creating preprocessor file for usart.c...
compiling delay.c...
creating preprocessor file for iap.c...
creating preprocessor file for main.c...
compiling sys.c...
compiling usart.c...
compiling iap.c...
compiling main.c...
compiling lcd.c...
linking...
Program Size: Code=13584 RO-data=268 RW-data=64 ZI-data=11896  
FromELF: creating hex file...
".\OBJ\IAP.axf" - 0 Error(s), 0 Warning(s).

<h2>Software Packages used:</h2>

Package Vendor: Keil
                https://www.keil.com/pack/Keil.STM32F1xx_DFP.2.4.1.pack
                Keil::STM32F1xx_DFP@2.4.1
                STMicroelectronics STM32F1 Series Device Support, Drivers and Examples

<h2>Collection of Component include folders:</h2>
  D:/Keil_v5/ARM/Packs/Keil/STM32F1xx_DFP/2.4.1/Device/Include

<h2>Collection of Component Files used:</h2>
Build Time Elapsed:  00:00:04
</pre>
</body>
</html>
